Component: ARM Compiler 5.06 update 6 (build 750) Tool: armlink [4d35ed]

==============================================================================

Section Cross References

    main.o(i.main) refers to stm32f10x_rcc.o(i.RCC_APB2PeriphClockCmd) for RCC_APB2PeriphClockCmd
    main.o(i.main) refers to stm32f10x_gpio.o(i.GPIO_StructInit) for GPIO_StructInit
    main.o(i.main) refers to stm32f10x_gpio.o(i.GPIO_Init) for GPIO_Init
    main.o(i.main) refers to stm32f10x_gpio.o(i.GPIO_WriteBit) for GPIO_WriteBit
    main.o(i.main) refers to as5043.o(i.init_sensor) for init_sensor
    main.o(i.main) refers to messages.o(i.InitMessages) for InitMessages
    main.o(i.main) refers to _usart.o(i.usart1_init) for usart1_init
    main.o(i.main) refers to _timers.o(i.InitTimers) for InitTimers
    main.o(i.main) refers to motor.o(i.init_motor) for init_motor
    main.o(i.main) refers to _timers.o(i.GetSysTime) for GetSysTime
    main.o(i.main) refers to flash.o(i.Flash_Unlock) for Flash_Unlock
    main.o(i.main) refers to flash.o(i.Flash_Read) for Flash_Read
    main.o(i.main) refers to flash.o(i.Flash_Erase_Page) for Flash_Erase_Page
    main.o(i.main) refers to flash.o(i.Flash_Write) for Flash_Write
    main.o(i.main) refers to as5043.o(i.read_sensor) for read_sensor
    main.o(i.main) refers to keyboard.o(i.KeyboardFSM) for KeyboardFSM
    main.o(i.main) refers to periphery.o(i.FSM_ACS) for FSM_ACS
    main.o(i.main) refers to periphery.o(i.FSM_Fire_Alarm) for FSM_Fire_Alarm
    main.o(i.main) refers to turnstile.o(i.FSM_turnstile) for FSM_turnstile
    main.o(i.main) refers to turnstile.o(i.FSMlocation) for FSMlocation
    main.o(i.main) refers to turnstile.o(i.FSM_permit) for FSM_permit
    main.o(i.main) refers to turnstile.o(i.FSM_indicators) for FSM_indicators
    main.o(i.main) refers to turnstile.o(i.FSM_blocking) for FSM_blocking
    main.o(i.main) refers to turnstile.o(i.FSM_speed) for FSM_speed
    main.o(i.main) refers to turnstile.o(i.FSM_calibr) for FSM_calibr
    main.o(i.main) refers to turnstile.o(i.FSM_Fact_Pass) for FSM_Fact_Pass
    main.o(i.main) refers to turnstile.o(i.FSM_Sensor_Damage) for FSM_Sensor_Damage
    main.o(i.main) refers to motor.o(i.FSM_location_dsm) for FSM_location_dsm
    main.o(i.main) refers to motor.o(i.working_with_zones) for working_with_zones
    main.o(i.main) refers to command_processor.o(i.Command_Processor) for Command_Processor
    main.o(i.main) refers to messages.o(i.ProcessMessages) for ProcessMessages
    main.o(i.main) refers to main.o(.data) for last_time_green
    main.o(i.main) refers to main.o(.bss) for Turnstile_InitStruct
    _timers.o(i.GetSysTime) refers to _timers.o(.data) for tick
    _timers.o(i.InitTimers) refers to stm32f10x_rcc.o(i.RCC_APB1PeriphClockCmd) for RCC_APB1PeriphClockCmd
    _timers.o(i.InitTimers) refers to stm32f10x_tim.o(i.TIM_TimeBaseStructInit) for TIM_TimeBaseStructInit
    _timers.o(i.InitTimers) refers to stm32f10x_tim.o(i.TIM_TimeBaseInit) for TIM_TimeBaseInit
    _timers.o(i.InitTimers) refers to stm32f10x_tim.o(i.TIM_Cmd) for TIM_Cmd
    _timers.o(i.InitTimers) refers to stm32f10x_tim.o(i.TIM_ITConfig) for TIM_ITConfig
    _timers.o(i.TIM6_DAC_IRQHandler) refers to stm32f10x_tim.o(i.TIM_GetITStatus) for TIM_GetITStatus
    _timers.o(i.TIM6_DAC_IRQHandler) refers to stm32f10x_tim.o(i.TIM_ClearITPendingBit) for TIM_ClearITPendingBit
    _timers.o(i.TIM6_DAC_IRQHandler) refers to _timers.o(.data) for tick
    as5043.o(i.init_sensor) refers to stm32f10x_gpio.o(i.GPIO_Init) for GPIO_Init
    as5043.o(i.init_sensor) refers to stm32f10x_gpio.o(i.GPIO_WriteBit) for GPIO_WriteBit
    as5043.o(i.init_sensor) refers to as5043.o(i.delay) for delay
    as5043.o(i.read_sensor) refers to stm32f10x_gpio.o(i.GPIO_WriteBit) for GPIO_WriteBit
    as5043.o(i.read_sensor) refers to stm32f10x_gpio.o(i.GPIO_ReadInputDataBit) for GPIO_ReadInputDataBit
    as5043.o(i.read_sensor) refers to as5043.o(i.delay) for delay
    as5043.o(i.read_sensor) refers to as5043.o(.data) for read_delay
    keyboard.o(i.GetKeyCode) refers to keyboard.o(.data) for key_code
    keyboard.o(i.KeyboardFSM) refers to stm32f10x_gpio.o(i.GPIO_ReadInputDataBit) for GPIO_ReadInputDataBit
    keyboard.o(i.KeyboardFSM) refers to _timers.o(i.GetSysTime) for GetSysTime
    keyboard.o(i.KeyboardFSM) refers to messages.o(i.SendMessage) for SendMessage
    keyboard.o(i.KeyboardFSM) refers to keyboard.o(.data) for key_code
    messages.o(i.GetMessage) refers to messages.o(.bss) for Messages
    messages.o(i.InitMessages) refers to messages.o(.bss) for Messages
    messages.o(i.ProcessMessages) refers to messages.o(.bss) for Messages
    messages.o(i.SendMessage) refers to messages.o(.bss) for Messages
    turnstile.o(i.FSM_Fact_Pass) refers to messages.o(i.GetMessage) for GetMessage
    turnstile.o(i.FSM_Fact_Pass) refers to stm32f10x_gpio.o(i.GPIO_WriteBit) for GPIO_WriteBit
    turnstile.o(i.FSM_Fact_Pass) refers to _timers.o(i.GetSysTime) for GetSysTime
[...]
    argv_veneer.o(.emb_text) refers to no_argv.o(.text) for __ARM_get_argv
    sys_exit.o(.text) refers (Special) to use_no_semi.o(.text) for __I$use$semihosting
    sys_exit.o(.text) refers (Special) to indicate_semi.o(.text) for __semihosting_library_function
    _get_argv_nomalloc.o(.text) refers (Special) to hrguard.o(.text) for __heap_region$guard
    _get_argv_nomalloc.o(.text) refers to defsig_rtmem_outer.o(.text) for __rt_SIGRTMEM
    _get_argv_nomalloc.o(.text) refers to sys_command.o(.text) for _sys_command_string
    libshutdown.o(.ARM.Collect$$libshutdown$$00000000) refers (Special) to libshutdown2.o(.ARM.Collect$$libshutdown$$00000002) for __rt_lib_shutdown_cpp_1
    libshutdown.o(.ARM.Collect$$libshutdown$$00000000) refers (Special) to libshutdown2.o(.ARM.Collect$$libshutdown$$00000007) for __rt_lib_shutdown_fp_trap_1
    libshutdown.o(.ARM.Collect$$libshutdown$$00000000) refers (Special) to libshutdown2.o(.ARM.Collect$$libshutdown$$0000000F) for __rt_lib_shutdown_heap_1
    libshutdown.o(.ARM.Collect$$libshutdown$$00000000) refers (Special) to libshutdown2.o(.ARM.Collect$$libshutdown$$00000010) for __rt_lib_shutdown_return
    libshutdown.o(.ARM.Collect$$libshutdown$$00000000) refers (Special) to libshutdown2.o(.ARM.Collect$$libshutdown$$0000000A) for __rt_lib_shutdown_signal_1
    libshutdown.o(.ARM.Collect$$libshutdown$$00000000) refers (Special) to libshutdown2.o(.ARM.Collect$$libshutdown$$00000004) for __rt_lib_shutdown_stdio_1
    libshutdown.o(.ARM.Collect$$libshutdown$$00000000) refers (Special) to libshutdown2.o(.ARM.Collect$$libshutdown$$0000000C) for __rt_lib_shutdown_user_alloc_1
    sys_command.o(.text) refers (Special) to use_no_semi.o(.text) for __I$use$semihosting
    sys_command.o(.text) refers (Special) to indicate_semi.o(.text) for __semihosting_library_function
    defsig_rtmem_outer.o(.text) refers to defsig_rtmem_inner.o(.text) for __rt_SIGRTMEM_inner
    defsig_rtmem_outer.o(.text) refers to defsig_exit.o(.text) for __sig_exit
    defsig_rtmem_formal.o(.text) refers to rt_raise.o(.text) for __rt_raise
    rt_raise.o(.text) refers to __raise.o(.text) for __raise
    rt_raise.o(.text) refers to sys_exit.o(.text) for _sys_exit
    defsig_exit.o(.text) refers to sys_exit.o(.text) for _sys_exit
    defsig_rtmem_inner.o(.text) refers to defsig_general.o(.text) for __default_signal_display
    __raise.o(.text) refers to defsig.o(CL$$defsig) for __default_signal_handler
    defsig_general.o(.text) refers to sys_wrch.o(.text) for _ttywrch
    sys_wrch.o(.text) refers (Special) to use_no_semi.o(.text) for __I$use$semihosting
    sys_wrch.o(.text) refers (Special) to indicate_semi.o(.text) for __semihosting_library_function
    defsig.o(CL$$defsig) refers to defsig_rtmem_inner.o(.text) for __rt_SIGRTMEM_inner
    defsig_abrt_inner.o(.text) refers to defsig_general.o(.text) for __default_signal_display
    defsig_fpe_inner.o(.text) refers to defsig_general.o(.text) for __default_signal_display
    defsig_rtred_inner.o(.text) refers to defsig_general.o(.text) for __default_signal_display
    defsig_stak_inner.o(.text) refers to defsig_general.o(.text) for __default_signal_display
    defsig_pvfn_inner.o(.text) refers to defsig_general.o(.text) for __default_signal_display
    defsig_cppl_inner.o(.text) refers to defsig_general.o(.text) for __default_signal_display
    defsig_segv_inner.o(.text) refers to defsig_general.o(.text) for __default_signal_display
    defsig_other.o(.text) refers to defsig_general.o(.text) for __default_signal_display


==============================================================================

Removing Unused input sections from the image.

    Removing main.o(.rev16_text), (4 bytes).
    Removing main.o(.revsh_text), (4 bytes).
    Removing main.o(.rrx_text), (6 bytes).
    Removing _timers.o(.rev16_text), (4 bytes).
    Removing _timers.o(.revsh_text), (4 bytes).
    Removing _timers.o(.rrx_text), (6 bytes).
    Removing as5043.o(.rev16_text), (4 bytes).
    Removing as5043.o(.revsh_text), (4 bytes).
    Removing as5043.o(.rrx_text), (6 bytes).
    Removing keyboard.o(.rev16_text), (4 bytes).
    Removing keyboard.o(.revsh_text), (4 bytes).
    Removing keyboard.o(.rrx_text), (6 bytes).
    Removing turnstile.o(.rev16_text), (4 bytes).
    Removing turnstile.o(.revsh_text), (4 bytes).
    Removing turnstile.o(.rrx_text), (6 bytes).
    Removing turnstile.o(i.FSM_Sound), (356 bytes).
    Removing flash.o(.rev16_text), (4 bytes).
    Removing flash.o(.revsh_text), (4 bytes).
    Removing flash.o(.rrx_text), (6 bytes).
    Removing periphery.o(.rev16_text), (4 bytes).
    Removing periphery.o(.revsh_text), (4 bytes).
    Removing periphery.o(.rrx_text), (6 bytes).
    Removing _usart.o(.rev16_text), (4 bytes).
    Removing _usart.o(.revsh_text), (4 bytes).
    Removing _usart.o(.rrx_text), (6 bytes).
    Removing command_processor.o(.rev16_text), (4 bytes).
    Removing command_processor.o(.revsh_text), (4 bytes).
    Removing command_processor.o(.rrx_text), (6 bytes).
    Removing reader.o(.rev16_text), (4 bytes).
    Removing reader.o(.revsh_text), (4 bytes).
    Removing reader.o(.rrx_text), (6 bytes).
    Removing reader.o(i.init_reader), (2 bytes).
    Removing motor.o(.rev16_text), (4 bytes).
    Removing motor.o(.revsh_text), (4 bytes).
    Removing motor.o(.rrx_text), (6 bytes).
    Removing misc.o(.rev16_text), (4 bytes).
    Removing misc.o(.revsh_text), (4 bytes).
    Removing misc.o(.rrx_text), (6 bytes).
    Removing misc.o(i.NVIC_Init), (112 bytes).
    Removing misc.o(i.NVIC_PriorityGroupConfig), (20 bytes).
    Removing misc.o(i.NVIC_SetVectorTable), (20 bytes).
    Removing misc.o(i.NVIC_SystemLPConfig), (32 bytes).
    Removing misc.o(i.SysTick_CLKSourceConfig), (40 bytes).
    Removing stm32f10x_exti.o(.rev16_text), (4 bytes).
    Removing stm32f10x_exti.o(.revsh_text), (4 bytes).
    Removing stm32f10x_exti.o(.rrx_text), (6 bytes).
    Removing stm32f10x_exti.o(i.EXTI_ClearFlag), (12 bytes).
    Removing stm32f10x_exti.o(i.EXTI_ClearITPendingBit), (12 bytes).
    Removing stm32f10x_exti.o(i.EXTI_DeInit), (36 bytes).
    Removing stm32f10x_exti.o(i.EXTI_GenerateSWInterrupt), (16 bytes).
    Removing stm32f10x_exti.o(i.EXTI_GetFlagStatus), (24 bytes).
    Removing stm32f10x_exti.o(i.EXTI_GetITStatus), (40 bytes).
    Removing stm32f10x_exti.o(i.EXTI_Init), (148 bytes).
    Removing stm32f10x_exti.o(i.EXTI_StructInit), (16 bytes).
    Removing stm32f10x_gpio.o(.rev16_text), (4 bytes).
    Removing stm32f10x_gpio.o(.revsh_text), (4 bytes).
    Removing stm32f10x_gpio.o(.rrx_text), (6 bytes).
    Removing stm32f10x_gpio.o(i.GPIO_AFIODeInit), (20 bytes).
    Removing stm32f10x_gpio.o(i.GPIO_DeInit), (200 bytes).
    Removing stm32f10x_gpio.o(i.GPIO_ETH_MediaInterfaceConfig), (12 bytes).
    Removing stm32f10x_gpio.o(i.GPIO_EXTILineConfig), (64 bytes).
    Removing stm32f10x_gpio.o(i.GPIO_EventOutputCmd), (12 bytes).
    Removing stm32f10x_gpio.o(i.GPIO_EventOutputConfig), (32 bytes).
    Removing stm32f10x_gpio.o(i.GPIO_PinLockConfig), (18 bytes).
    Removing stm32f10x_gpio.o(i.GPIO_PinRemapConfig), (144 bytes).
    Removing stm32f10x_gpio.o(i.GPIO_ReadInputData), (8 bytes).
    Removing stm32f10x_gpio.o(i.GPIO_ReadOutputDataBit), (18 bytes).
    Removing stm32f10x_gpio.o(i.GPIO_ResetBits), (4 bytes).
    Removing stm32f10x_gpio.o(i.GPIO_SetBits), (4 bytes).
    Removing stm32f10x_rcc.o(.rev16_text), (4 bytes).
    Removing stm32f10x_rcc.o(.revsh_text), (4 bytes).
    Removing stm32f10x_rcc.o(.rrx_text), (6 bytes).
    Removing stm32f10x_rcc.o(i.RCC_ADCCLKConfig), (24 bytes).
    Removing stm32f10x_rcc.o(i.RCC_AHBPeriphClockCmd), (32 bytes).
    Removing stm32f10x_rcc.o(i.RCC_APB1PeriphResetCmd), (32 bytes).
    Removing stm32f10x_rcc.o(i.RCC_APB2PeriphResetCmd), (32 bytes).
    Removing stm32f10x_rcc.o(i.RCC_AdjustHSICalibrationValue), (24 bytes).
    Removing stm32f10x_rcc.o(i.RCC_BackupResetCmd), (12 bytes).
    Removing stm32f10x_rcc.o(i.RCC_ClearFlag), (20 bytes).
    Removing stm32f10x_rcc.o(i.RCC_ClearITPendingBit), (12 bytes).
    Removing stm32f10x_rcc.o(i.RCC_ClockSecuritySystemCmd), (12 bytes).
    Removing stm32f10x_rcc.o(i.RCC_DeInit), (80 bytes).
    Removing stm32f10x_rcc.o(i.RCC_GetFlagStatus), (60 bytes).
    Removing stm32f10x_rcc.o(i.RCC_GetITStatus), (24 bytes).
    Removing stm32f10x_rcc.o(i.RCC_GetSYSCLKSource), (16 bytes).
    Removing stm32f10x_rcc.o(i.RCC_HCLKConfig), (24 bytes).
    Removing stm32f10x_rcc.o(i.RCC_HSEConfig), (76 bytes).
    Removing stm32f10x_rcc.o(i.RCC_HSICmd), (12 bytes).
    Removing stm32f10x_rcc.o(i.RCC_ITConfig), (32 bytes).
    Removing stm32f10x_rcc.o(i.RCC_LSEConfig), (52 bytes).
    Removing stm32f10x_rcc.o(i.RCC_LSICmd), (12 bytes).
    Removing stm32f10x_rcc.o(i.RCC_MCOConfig), (12 bytes).
    Removing stm32f10x_rcc.o(i.RCC_PCLK1Config), (24 bytes).
    Removing stm32f10x_rcc.o(i.RCC_PCLK2Config), (24 bytes).
    Removing stm32f10x_rcc.o(i.RCC_PLLCmd), (12 bytes).
    Removing stm32f10x_rcc.o(i.RCC_PLLConfig), (28 bytes).
    Removing stm32f10x_rcc.o(i.RCC_PREDIV1Config), (32 bytes).
    Removing stm32f10x_rcc.o(i.RCC_RTCCLKCmd), (12 bytes).
    Removing stm32f10x_rcc.o(i.RCC_RTCCLKConfig), (16 bytes).
    Removing stm32f10x_rcc.o(i.RCC_SYSCLKConfig), (24 bytes).
    Removing stm32f10x_rcc.o(i.RCC_USBCLKConfig), (12 bytes).
    Removing stm32f10x_rcc.o(i.RCC_WaitForHSEStartUp), (56 bytes).
    Removing stm32f10x_tim.o(.rev16_text), (4 bytes).
    Removing stm32f10x_tim.o(.revsh_text), (4 bytes).
    Removing stm32f10x_tim.o(.rrx_text), (6 bytes).
    Removing stm32f10x_tim.o(i.TI1_Config), (128 bytes).
    Removing stm32f10x_tim.o(i.TI2_Config), (152 bytes).
    Removing stm32f10x_tim.o(i.TI3_Config), (144 bytes).
    Removing stm32f10x_tim.o(i.TI4_Config), (152 bytes).
    Removing stm32f10x_tim.o(i.TIM_ARRPreloadConfig), (24 bytes).
    Removing stm32f10x_tim.o(i.TIM_BDTRConfig), (32 bytes).
    Removing stm32f10x_tim.o(i.TIM_BDTRStructInit), (18 bytes).
    Removing stm32f10x_tim.o(i.TIM_CCPreloadControl), (24 bytes).
    Removing stm32f10x_tim.o(i.TIM_CCxCmd), (30 bytes).
    Removing stm32f10x_tim.o(i.TIM_CCxNCmd), (30 bytes).
    Removing stm32f10x_tim.o(i.TIM_ClearFlag), (6 bytes).
    Removing stm32f10x_tim.o(i.TIM_ClearOC1Ref), (18 bytes).
    Removing stm32f10x_tim.o(i.TIM_ClearOC2Ref), (24 bytes).
    Removing stm32f10x_tim.o(i.TIM_ClearOC3Ref), (18 bytes).
    Removing stm32f10x_tim.o(i.TIM_ClearOC4Ref), (24 bytes).
    Removing stm32f10x_tim.o(i.TIM_CounterModeConfig), (18 bytes).
    Removing stm32f10x_tim.o(i.TIM_CtrlPWMOutputs), (30 bytes).
    Removing stm32f10x_tim.o(i.TIM_DMACmd), (18 bytes).
    Removing stm32f10x_tim.o(i.TIM_DMAConfig), (10 bytes).
    Removing stm32f10x_tim.o(i.TIM_DeInit), (488 bytes).
    Removing stm32f10x_tim.o(i.TIM_ETRClockMode1Config), (54 bytes).
    Removing stm32f10x_tim.o(i.TIM_ETRClockMode2Config), (32 bytes).
    Removing stm32f10x_tim.o(i.TIM_ETRConfig), (28 bytes).
    Removing stm32f10x_tim.o(i.TIM_EncoderInterfaceConfig), (66 bytes).
    Removing stm32f10x_tim.o(i.TIM_ForcedOC1Config), (18 bytes).
    Removing stm32f10x_tim.o(i.TIM_ForcedOC2Config), (26 bytes).
    Removing stm32f10x_tim.o(i.TIM_ForcedOC3Config), (18 bytes).
    Removing stm32f10x_tim.o(i.TIM_ForcedOC4Config), (26 bytes).
    Removing stm32f10x_tim.o(i.TIM_GenerateEvent), (4 bytes).
    Removing stm32f10x_tim.o(i.TIM_GetCapture1), (6 bytes).
    Removing stm32f10x_tim.o(i.TIM_GetCapture2), (6 bytes).
    Removing stm32f10x_tim.o(i.TIM_GetCapture3), (6 bytes).
    Removing stm32f10x_tim.o(i.TIM_GetCapture4), (8 bytes).
    Removing stm32f10x_tim.o(i.TIM_GetCounter), (6 bytes).
    Removing stm32f10x_tim.o(i.TIM_GetFlagStatus), (18 bytes).
    Removing stm32f10x_tim.o(i.TIM_GetPrescaler), (6 bytes).
    Removing stm32f10x_tim.o(i.TIM_ICInit), (172 bytes).
    Removing stm32f10x_tim.o(i.TIM_ICStructInit), (18 bytes).
    Removing stm32f10x_tim.o(i.TIM_ITRxExternalClockConfig), (24 bytes).
    Removing stm32f10x_tim.o(i.TIM_InternalClockConfig), (12 bytes).
    Removing stm32f10x_tim.o(i.TIM_OC1FastConfig), (18 bytes).
    Removing stm32f10x_tim.o(i.TIM_OC1Init), (152 bytes).
    Removing stm32f10x_tim.o(i.TIM_OC1NPolarityConfig), (18 bytes).
    Removing stm32f10x_tim.o(i.TIM_OC1PolarityConfig), (18 bytes).
    Removing stm32f10x_tim.o(i.TIM_OC1PreloadConfig), (18 bytes).
    Removing stm32f10x_tim.o(i.TIM_OC2FastConfig), (26 bytes).
    Removing stm32f10x_tim.o(i.TIM_OC2Init), (164 bytes).
    Removing stm32f10x_tim.o(i.TIM_OC2NPolarityConfig), (26 bytes).
    Removing stm32f10x_tim.o(i.TIM_OC2PolarityConfig), (26 bytes).
    Removing stm32f10x_tim.o(i.TIM_OC2PreloadConfig), (26 bytes).
    Removing stm32f10x_tim.o(i.TIM_OC3FastConfig), (18 bytes).
    Removing stm32f10x_tim.o(i.TIM_OC3Init), (160 bytes).
    Removing stm32f10x_tim.o(i.TIM_OC3NPolarityConfig), (26 bytes).
    Removing stm32f10x_tim.o(i.TIM_OC3PolarityConfig), (26 bytes).
    Removing stm32f10x_tim.o(i.TIM_OC3PreloadConfig), (18 bytes).
    Removing stm32f10x_tim.o(i.TIM_OC4FastConfig), (26 bytes).
    Removing stm32f10x_tim.o(i.TIM_OC4Init), (124 bytes).
    Removing stm32f10x_tim.o(i.TIM_OC4PolarityConfig), (26 bytes).
    Removing stm32f10x_tim.o(i.TIM_OC4PreloadConfig), (26 bytes).
    Removing stm32f10x_tim.o(i.TIM_OCStructInit), (20 bytes).
    Removing stm32f10x_tim.o(i.TIM_PWMIConfig), (124 bytes).
    Removing stm32f10x_tim.o(i.TIM_PrescalerConfig), (6 bytes).
    Removing stm32f10x_tim.o(i.TIM_SelectCCDMA), (24 bytes).
    Removing stm32f10x_tim.o(i.TIM_SelectCOM), (24 bytes).
    Removing stm32f10x_tim.o(i.TIM_SelectHallSensor), (24 bytes).
    Removing stm32f10x_tim.o(i.TIM_SelectInputTrigger), (18 bytes).
    Removing stm32f10x_tim.o(i.TIM_SelectMasterSlaveMode), (18 bytes).
    Removing stm32f10x_tim.o(i.TIM_SelectOCxM), (82 bytes).
    Removing stm32f10x_tim.o(i.TIM_SelectOnePulseMode), (18 bytes).
    Removing stm32f10x_tim.o(i.TIM_SelectOutputTrigger), (18 bytes).
    Removing stm32f10x_tim.o(i.TIM_SelectSlaveMode), (18 bytes).
    Removing stm32f10x_tim.o(i.TIM_SetAutoreload), (4 bytes).
    Removing stm32f10x_tim.o(i.TIM_SetClockDivision), (18 bytes).
    Removing stm32f10x_tim.o(i.TIM_SetCompare1), (4 bytes).
    Removing stm32f10x_tim.o(i.TIM_SetCompare2), (4 bytes).
    Removing stm32f10x_tim.o(i.TIM_SetCompare3), (4 bytes).
    Removing stm32f10x_tim.o(i.TIM_SetCompare4), (6 bytes).
    Removing stm32f10x_tim.o(i.TIM_SetCounter), (4 bytes).
    Removing stm32f10x_tim.o(i.TIM_SetIC1Prescaler), (18 bytes).
    Removing stm32f10x_tim.o(i.TIM_SetIC2Prescaler), (26 bytes).
    Removing stm32f10x_tim.o(i.TIM_SetIC3Prescaler), (18 bytes).
    Removing stm32f10x_tim.o(i.TIM_SetIC4Prescaler), (26 bytes).
    Removing stm32f10x_tim.o(i.TIM_TIxExternalClockConfig), (62 bytes).
    Removing stm32f10x_tim.o(i.TIM_UpdateDisableConfig), (24 bytes).
    Removing stm32f10x_tim.o(i.TIM_UpdateRequestConfig), (24 bytes).
    Removing stm32f10x_usart.o(.rev16_text), (4 bytes).
    Removing stm32f10x_usart.o(.revsh_text), (4 bytes).
    Removing stm32f10x_usart.o(.rrx_text), (6 bytes).
    Removing stm32f10x_usart.o(i.USART_ClearFlag), (18 bytes).
    Removing stm32f10x_usart.o(i.USART_ClearITPendingBit), (30 bytes).
    Removing stm32f10x_usart.o(i.USART_ClockInit), (34 bytes).
    Removing stm32f10x_usart.o(i.USART_ClockStructInit), (12 bytes).
    Removing stm32f10x_usart.o(i.USART_DMACmd), (18 bytes).
    Removing stm32f10x_usart.o(i.USART_DeInit), (156 bytes).
    Removing stm32f10x_usart.o(i.USART_HalfDuplexCmd), (24 bytes).
    Removing stm32f10x_usart.o(i.USART_IrDACmd), (24 bytes).
    Removing stm32f10x_usart.o(i.USART_IrDAConfig), (18 bytes).
    Removing stm32f10x_usart.o(i.USART_LINBreakDetectLengthConfig), (18 bytes).
    Removing stm32f10x_usart.o(i.USART_LINCmd), (24 bytes).
    Removing stm32f10x_usart.o(i.USART_OneBitMethodCmd), (24 bytes).
    Removing stm32f10x_usart.o(i.USART_OverSampling8Cmd), (22 bytes).
    Removing stm32f10x_usart.o(i.USART_ReceiverWakeUpCmd), (24 bytes).
    Removing stm32f10x_usart.o(i.USART_SendBreak), (10 bytes).
    Removing stm32f10x_usart.o(i.USART_SetAddress), (18 bytes).
    Removing stm32f10x_usart.o(i.USART_SetGuardTime), (16 bytes).
    Removing stm32f10x_usart.o(i.USART_SetPrescaler), (16 bytes).
    Removing stm32f10x_usart.o(i.USART_SmartCardCmd), (24 bytes).
    Removing stm32f10x_usart.o(i.USART_SmartCardNACKCmd), (24 bytes).
    Removing stm32f10x_usart.o(i.USART_StructInit), (24 bytes).
    Removing stm32f10x_usart.o(i.USART_WakeUpConfig), (18 bytes).
    Removing gpio_stm32f10x.o(.rev16_text), (4 bytes).
    Removing gpio_stm32f10x.o(.revsh_text), (4 bytes).
    Removing gpio_stm32f10x.o(.rrx_text), (6 bytes).
    Removing gpio_stm32f10x.o(i.GPIO_AFConfigure), (156 bytes).
    Removing gpio_stm32f10x.o(i.GPIO_GetPortClockState), (152 bytes).
    Removing gpio_stm32f10x.o(i.GPIO_PinConfigure), (120 bytes).
    Removing gpio_stm32f10x.o(i.GPIO_PortClock), (316 bytes).
    Removing system_stm32f10x.o(.rev16_text), (4 bytes).
    Removing system_stm32f10x.o(.revsh_text), (4 bytes).
    Removing system_stm32f10x.o(.rrx_text), (6 bytes).
    Removing system_stm32f10x.o(i.SystemCoreClockUpdate), (160 bytes).
    Removing system_stm32f10x.o(.data), (20 bytes).

227 unused section(s) (total 7568 bytes) removed from the image.

==============================================================================

Image Symbol Table

    Local Symbols

    Symbol Name                              Value     Ov Type        Size  Object(Section)

    ../clib/angel/boardlib.s                 0x00000000   Number         0  boardshut.o ABSOLUTE
    ../clib/angel/boardlib.s                 0x00000000   Number         0  boardinit3.o ABSOLUTE
    ../clib/angel/boardlib.s                 0x00000000   Number         0  boardinit2.o ABSOLUTE
    ../clib/angel/boardlib.s                 0x00000000   Number         0  boardinit1.o ABSOLUTE
    ../clib/angel/handlers.s                 0x00000000   Number         0  __scatter_zi.o ABSOLUTE
    ../clib/angel/handlers.s                 0x00000000   Number         0  __scatter_copy.o ABSOLUTE
    ../clib/angel/kernel.s                   0x00000000   Number         0  __rtentry4.o ABSOLUTE
    ../clib/angel/kernel.s                   0x00000000   Number         0  rtexit.o ABSOLUTE
    ../clib/angel/kernel.s                   0x00000000   Number         0  rtexit2.o ABSOLUTE
    ../clib/angel/kernel.s                   0x00000000   Number         0  __rtentry2.o ABSOLUTE
    ../clib/angel/kernel.s                   0x00000000   Number         0  __rtentry.o ABSOLUTE
    ../clib/angel/rt.s                       0x00000000   Number         0  rt_raise.o ABSOLUTE
    ../clib/angel/scatter.s                  0x00000000   Number         0  __scatter.o ABSOLUTE
    ../clib/angel/startup.s                  0x00000000   Number         0  __main.o ABSOLUTE
    ../clib/angel/sys.s                      0x00000000   Number         0  libspace.o ABSOLUTE
    ../clib/angel/sys.s                      0x00000000   Number         0  use_no_semi.o ABSOLUTE
    ../clib/angel/sys.s                      0x00000000   Number         0  indicate_semi.o ABSOLUTE
    ../clib/angel/sys.s                      0x00000000   Number         0  sys_stackheap_outer.o ABSOLUTE
    ../clib/angel/sysapp.c                   0x00000000   Number         0  sys_exit.o ABSOLUTE
    ../clib/angel/sysapp.c                   0x00000000   Number         0  sys_command.o ABSOLUTE
    ../clib/angel/sysapp.c                   0x00000000   Number         0  sys_wrch.o ABSOLUTE
    ../clib/armsys.c                         0x00000000   Number         0  argv_veneer.o ABSOLUTE
    ../clib/armsys.c                         0x00000000   Number         0  argv_veneer.o ABSOLUTE
    ../clib/armsys.c                         0x00000000   Number         0  _get_argv_nomalloc.o ABSOLUTE
    ../clib/armsys.c                         0x00000000   Number         0  no_argv.o ABSOLUTE
    ../clib/heapalloc.c                      0x00000000   Number         0  hrguard.o ABSOLUTE
    ../clib/heapaux.c                        0x00000000   Number         0  heapauxi.o ABSOLUTE
    ../clib/libinit.s                        0x00000000   Number         0  libshutdown2.o ABSOLUTE
    ../clib/libinit.s                        0x00000000   Number         0  libinit.o ABSOLUTE
    ../clib/libinit.s                        0x00000000   Number         0  libshutdown.o ABSOLUTE
    ../clib/libinit.s                        0x00000000   Number         0  libinit2.o ABSOLUTE
    ../clib/signal.c                         0x00000000   Number         0  defsig_rtmem_formal.o ABSOLUTE
    ../clib/signal.c                         0x00000000   Number         0  defsig_rtmem_outer.o ABSOLUTE
    ../clib/signal.c                         0x00000000   Number         0  defsig_exit.o ABSOLUTE
    ../clib/signal.c                         0x00000000   Number         0  defsig_rtmem_inner.o ABSOLUTE
    ../clib/signal.c                         0x00000000   Number         0  __raise.o ABSOLUTE
    ../clib/signal.c                         0x00000000   Number         0  defsig_general.o ABSOLUTE
    ../clib/signal.c                         0x00000000   Number         0  defsig_stak_inner.o ABSOLUTE
    ../clib/signal.c                         0x00000000   Number         0  defsig_abrt_inner.o ABSOLUTE
    ../clib/signal.c                         0x00000000   Number         0  defsig_fpe_inner.o ABSOLUTE
    ../clib/signal.c                         0x00000000   Number         0  defsig_rtred_inner.o ABSOLUTE
    ../clib/signal.c                         0x00000000   Number         0  defsig_pvfn_inner.o ABSOLUTE
    ../clib/signal.c                         0x00000000   Number         0  defsig_cppl_inner.o ABSOLUTE
    ../clib/signal.c                         0x00000000   Number         0  defsig_segv_inner.o ABSOLUTE
    ../clib/signal.c                         0x00000000   Number         0  defsig_other.o ABSOLUTE
    ../clib/signal.s                         0x00000000   Number         0  defsig.o ABSOLUTE
    ../clib/stdlib.c                         0x00000000   Number         0  exit.o ABSOLUTE
    ../fplib/fpinit.s                        0x00000000   Number         0  fpinit.o ABSOLUTE
    AS5043.c                                 0x00000000   Number         0  as5043.o ABSOLUTE
    AS5043.c                                 0x00000000   Number         0  as5043.o ABSOLUTE
    C:\Keil_v5\ARM\PACK\Keil\STM32F1xx_DFP\2.2.0\Device\StdPeriph_Driver\src\misc.c 0x00000000   Number         0  misc.o ABSOLUTE
    C:\Keil_v5\ARM\PACK\Keil\STM32F1xx_DFP\2.2.0\Device\StdPeriph_Driver\src\stm32f10x_exti.c 0x00000000   Number         0  stm32f10x_exti.o ABSOLUTE
    C:\Keil_v5\ARM\PACK\Keil\STM32F1xx_DFP\2.2.0\Device\StdPeriph_Driver\src\stm32f10x_gpio.c 0x00000000   Number         0  stm32f10x_gpio.o ABSOLUTE
    C:\Keil_v5\ARM\PACK\Keil\STM32F1xx_DFP\2.2.0\Device\StdPeriph_Driver\src\stm32f10x_rcc.c 0x00000000   Number         0  stm32f10x_rcc.o ABSOLUTE
    C:\Keil_v5\ARM\PACK\Keil\STM32F1xx_DFP\2.2.0\Device\StdPeriph_Driver\src\stm32f10x_tim.c 0x00000000   Number         0  stm32f10x_tim.o ABSOLUTE
    C:\Keil_v5\ARM\PACK\Keil\STM32F1xx_DFP\2.2.0\Device\StdPeriph_Driver\src\stm32f10x_usart.c 0x00000000   Number         0  stm32f10x_usart.o ABSOLUTE
    C:\Keil_v5\ARM\PACK\Keil\STM32F1xx_DFP\2.2.0\RTE_Driver\GPIO_STM32F10x.c 0x00000000   Number         0  gpio_stm32f10x.o ABSOLUTE
    C:\\Keil_v5\\ARM\\PACK\\Keil\\STM32F1xx_DFP\\2.2.0\\Device\\StdPeriph_Driver\\src\\misc.c 0x00000000   Number         0  misc.o ABSOLUTE
    C:\\Keil_v5\\ARM\\PACK\\Keil\\STM32F1xx_DFP\\2.2.0\\Device\\StdPeriph_Driver\\src\\stm32f10x_exti.c 0x00000000   Number         0  stm32f10x_exti.o ABSOLUTE
    C:\\Keil_v5\\ARM\\PACK\\Keil\\STM32F1xx_DFP\\2.2.0\\Device\\StdPeriph_Driver\\src\\stm32f10x_gpio.c 0x00000000   Number         0  stm32f10x_gpio.o ABSOLUTE
    C:\\Keil_v5\\ARM\\PACK\\Keil\\STM32F1xx_DFP\\2.2.0\\Device\\StdPeriph_Driver\\src\\stm32f10x_rcc.c 0x00000000   Number         0  stm32f10x_rcc.o ABSOLUTE
    C:\\Keil_v5\\ARM\\PACK\\Keil\\STM32F1xx_DFP\\2.2.0\\Device\\StdPeriph_Driver\\src\\stm32f10x_tim.c 0x00000000   Number         0  stm32f10x_tim.o ABSOLUTE
    C:\\Keil_v5\\ARM\\PACK\\Keil\\STM32F1xx_DFP\\2.2.0\\Device\\StdPeriph_Driver\\src\\stm32f10x_usart.c 0x00000000   Number         0  stm32f10x_usart.o ABSOLUTE
    C:\\Keil_v5\\ARM\\PACK\\Keil\\STM32F1xx_DFP\\2.2.0\\RTE_Driver\\GPIO_STM32F10x.c 0x00000000   Number         0  gpio_stm32f10x.o ABSOLUTE
    Command_Processor.c                      0x00000000   Number         0  command_processor.o ABSOLUTE
    Command_Processor.c                      0x00000000   Number         0  command_processor.o ABSOLUTE
    RTE\Device\STM32F100CB\startup_stm32f10x_md_vl.s 0x00000000   Number         0  startup_stm32f10x_md_vl.o ABSOLUTE
    RTE\Device\STM32F100CB\system_stm32f10x.c 0x00000000   Number         0  system_stm32f10x.o ABSOLUTE
    RTE\\Device\\STM32F100CB\\system_stm32f10x.c 0x00000000   Number         0  system_stm32f10x.o ABSOLUTE
    _Timers.c                                0x00000000   Number         0  _timers.o ABSOLUTE
    _Timers.c                                0x00000000   Number         0  _timers.o ABSOLUTE
    _usart.c                                 0x00000000   Number         0  _usart.o ABSOLUTE
    _usart.c                                 0x00000000   Number         0  _usart.o ABSOLUTE
    dc.s                                     0x00000000   Number         0  dc.o ABSOLUTE
    flash.c                                  0x00000000   Number         0  flash.o ABSOLUTE
    flash.c                                  0x00000000   Number         0  flash.o ABSOLUTE
    keyboard.c                               0x00000000   Number         0  keyboard.o ABSOLUTE
    keyboard.c                               0x00000000   Number         0  keyboard.o ABSOLUTE
    main.c                                   0x00000000   Number         0  main.o ABSOLUTE
    main.c                                   0x00000000   Number         0  main.o ABSOLUTE
    messages.c                               0x00000000   Number         0  messages.o ABSOLUTE
    motor.c                                  0x00000000   Number         0  motor.o ABSOLUTE
    motor.c                                  0x00000000   Number         0  motor.o ABSOLUTE
    periphery.c                              0x00000000   Number         0  periphery.o ABSOLUTE
    periphery.c                              0x00000000   Number         0  periphery.o ABSOLUTE
    reader.c                                 0x00000000   Number         0  reader.o ABSOLUTE
    reader.c                                 0x00000000   Number         0  reader.o ABSOLUTE
    turnstile.c                              0x00000000   Number         0  turnstile.o ABSOLUTE
    turnstile.c                              0x00000000   Number         0  turnstile.o ABSOLUTE
    RESET                                    0x08000000   Section      288  startup_stm32f10x_md_vl.o(RESET)
    !!!main                                  0x08000120   Section        8  __main.o(!!!main)
    !!!scatter                               0x08000128   Section       52  __scatter.o(!!!scatter)
    !!handler_copy                           0x0800015c   Section       26  __scatter_copy.o(!!handler_copy)
    !!handler_zi                             0x08000178   Section       28  __scatter_zi.o(!!handler_zi)
    .ARM.Collect$$libinit$$00000000          0x08000194   Section        2  libinit.o(.ARM.Collect$$libinit$$00000000)
    .ARM.Collect$$libinit$$00000002          0x08000196   Section        0  libinit2.o(.ARM.Collect$$libinit$$00000002)
    .ARM.Collect$$libinit$$00000004          0x08000196   Section        0  libinit2.o(.ARM.Collect$$libinit$$00000004)
    .ARM.Collect$$libinit$$0000000A          0x08000196   Section        0  libinit2.o(.ARM.Collect$$libinit$$0000000A)
    .ARM.Collect$$libinit$$0000000C          0x08000196   Section        0  libinit2.o(.ARM.Collect$$libinit$$0000000C)
    .ARM.Collect$$libinit$$0000000E          0x08000196   Section        0  libinit2.o(.ARM.Collect$$libinit$$0000000E)
    .ARM.Collect$$libinit$$00000011          0x08000196   Section        0  libinit2.o(.ARM.Collect$$libinit$$00000011)
    .ARM.Collect$$libinit$$00000013          0x08000196   Section        0  libinit2.o(.ARM.Collect$$libinit$$00000013)
    .ARM.Collect$$libinit$$00000015          0x08000196   Section        0  libinit2.o(.ARM.Collect$$libinit$$00000015)
    .ARM.Collect$$libinit$$00000017          0x08000196   Section        0  libinit2.o(.ARM.Collect$$libinit$$00000017)
    .ARM.Collect$$libinit$$00000019          0x08000196   Section        0  libinit2.o(.ARM.Collect$$libinit$$00000019)
    .ARM.Collect$$libinit$$0000001B          0x08000196   Section        0  libinit2.o(.ARM.Collect$$libinit$$0000001B)
    .ARM.Collect$$libinit$$0000001D          0x08000196   Section        0  libinit2.o(.ARM.Collect$$libinit$$0000001D)
    .ARM.Collect$$libinit$$0000001F          0x08000196   Section        0  libinit2.o(.ARM.Collect$$libinit$$0000001F)
    .ARM.Collect$$libinit$$00000021          0x08000196   Section        0  libinit2.o(.ARM.Collect$$libinit$$00000021)
    .ARM.Collect$$libinit$$00000023          0x08000196   Section        0  libinit2.o(.ARM.Collect$$libinit$$00000023)
    .ARM.Collect$$libinit$$00000025          0x08000196   Section        0  libinit2.o(.ARM.Collect$$libinit$$00000025)
    .ARM.Collect$$libinit$$0000002C          0x08000196   Section        0  libinit2.o(.ARM.Collect$$libinit$$0000002C)
    .ARM.Collect$$libinit$$0000002E          0x08000196   Section        0  libinit2.o(.ARM.Collect$$libinit$$0000002E)
    .ARM.Collect$$libinit$$00000030          0x08000196   Section        0  libinit2.o(.ARM.Collect$$libinit$$00000030)
    .ARM.Collect$$libinit$$00000032          0x08000196   Section        0  libinit2.o(.ARM.Collect$$libinit$$00000032)
    .ARM.Collect$$libinit$$00000033          0x08000196   Section        2  libinit2.o(.ARM.Collect$$libinit$$00000033)
    .ARM.Collect$$libshutdown$$00000000      0x08000198   Section        2  libshutdown.o(.ARM.Collect$$libshutdown$$00000000)
    .ARM.Collect$$libshutdown$$00000002      0x0800019a   Section        0  libshutdown2.o(.ARM.Collect$$libshutdown$$00000002)
    .ARM.Collect$$libshutdown$$00000004      0x0800019a   Section        0  libshutdown2.o(.ARM.Collect$$libshutdown$$00000004)
    .ARM.Collect$$libshutdown$$00000007      0x0800019a   Section        0  libshutdown2.o(.ARM.Collect$$libshutdown$$00000007)
    .ARM.Collect$$libshutdown$$0000000A      0x0800019a   Section        0  libshutdown2.o(.ARM.Collect$$libshutdown$$0000000A)
    .ARM.Collect$$libshutdown$$0000000C      0x0800019a   Section        0  libshutdown2.o(.ARM.Collect$$libshutdown$$0000000C)
    .ARM.Collect$$libshutdown$$0000000F      0x0800019a   Section        0  libshutdown2.o(.ARM.Collect$$libshutdown$$0000000F)
    .ARM.Collect$$libshutdown$$00000010      0x0800019a   Section        2  libshutdown2.o(.ARM.Collect$$libshutdown$$00000010)
    .ARM.Collect$$rtentry$$00000000          0x0800019c   Section        0  __rtentry.o(.ARM.Collect$$rtentry$$00000000)
    .ARM.Collect$$rtentry$$00000002          0x0800019c   Section        0  __rtentry2.o(.ARM.Collect$$rtentry$$00000002)
    .ARM.Collect$$rtentry$$00000004          0x0800019c   Section        6  __rtentry4.o(.ARM.Collect$$rtentry$$00000004)
    .ARM.Collect$$rtentry$$00000009          0x080001a2   Section        0  __rtentry2.o(.ARM.Collect$$rtentry$$00000009)
    .ARM.Collect$$rtentry$$0000000A          0x080001a2   Section        4  __rtentry2.o(.ARM.Collect$$rtentry$$0000000A)
    .ARM.Collect$$rtentry$$0000000C          0x080001a6   Section        0  __rtentry2.o(.ARM.Collect$$rtentry$$0000000C)
    .ARM.Collect$$rtentry$$0000000D          0x080001a6   Section        8  __rtentry2.o(.ARM.Collect$$rtentry$$0000000D)
    .ARM.Collect$$rtexit$$00000000           0x080001ae   Section        2  rtexit.o(.ARM.Collect$$rtexit$$00000000)
    .ARM.Collect$$rtexit$$00000002           0x080001b0   Section        0  rtexit2.o(.ARM.Collect$$rtexit$$00000002)
    .ARM.Collect$$rtexit$$00000003           0x080001b0   Section        4  rtexit2.o(.ARM.Collect$$rtexit$$00000003)
    .ARM.Collect$$rtexit$$00000004           0x080001b4   Section        6  rtexit2.o(.ARM.Collect$$rtexit$$00000004)
    .text                                    0x080001bc   Section       64  startup_stm32f10x_md_vl.o(.text)
    .text                                    0x080001fc   Section        0  heapauxi.o(.text)
    .text                                    0x08000202   Section       74  sys_stackheap_outer.o(.text)
    .text                                    0x0800024c   Section        0  exit.o(.text)
    .text                                    0x08000260   Section        8  libspace.o(.text)
    .text                                    0x08000268   Section        0  sys_exit.o(.text)
    .text                                    0x08000274   Section        2  use_no_semi.o(.text)
    .text                                    0x08000276   Section        0  indicate_semi.o(.text)
    i.Command_Processor                      0x08000278   Section        0  command_processor.o(i.Command_Processor)
    i.Control_step                           0x08000310   Section        0  motor.o(i.Control_step)
    i.EXTI9_5_IRQHandler                     0x080003c8   Section        0  reader.o(i.EXTI9_5_IRQHandler)
    i.FSM_ACS                                0x080003cc   Section        0  periphery.o(i.FSM_ACS)
    i.FSM_Fact_Pass                          0x0800046c   Section        0  turnstile.o(i.FSM_Fact_Pass)
    i.FSM_Fire_Alarm                         0x080004cc   Section        0  periphery.o(i.FSM_Fire_Alarm)
    i.FSM_Sensor_Damage                      0x08000550   Section        0  turnstile.o(i.FSM_Sensor_Damage)
    i.FSM_blocking                           0x08000580   Section        0  turnstile.o(i.FSM_blocking)
    i.FSM_calibr                             0x0800063c   Section        0  turnstile.o(i.FSM_calibr)
    i.FSM_indicators                         0x08000754   Section        0  turnstile.o(i.FSM_indicators)
    i.FSM_location_dsm                       0x080008d0   Section        0  motor.o(i.FSM_location_dsm)
    i.FSM_permit                             0x08000ab0   Section        0  turnstile.o(i.FSM_permit)
    i.FSM_speed                              0x08000b18   Section        0  turnstile.o(i.FSM_speed)
    i.FSM_turnstile                          0x08000b70   Section        0  turnstile.o(i.FSM_turnstile)
    i.FSMlocation                            0x08000c84   Section        0  turnstile.o(i.FSMlocation)
    i.Flash_Erase_Page                       0x08000e54   Section        0  flash.o(i.Flash_Erase_Page)
    i.Flash_Read                             0x08000e8c   Section        0  flash.o(i.Flash_Read)
    i.Flash_Unlock                           0x08000ea0   Section        0  flash.o(i.Flash_Unlock)
    i.Flash_Write                            0x08000eb8   Section        0  flash.o(i.Flash_Write)
    i.GPIO_Init                              0x08000f24   Section        0  stm32f10x_gpio.o(i.GPIO_Init)
    i.GPIO_ReadInputDataBit                  0x0800103a   Section        0  stm32f10x_gpio.o(i.GPIO_ReadInputDataBit)
    i.GPIO_ReadOutputData                    0x0800104c   Section        0  stm32f10x_gpio.o(i.GPIO_ReadOutputData)
    i.GPIO_StructInit                        0x08001054   Section        0  stm32f10x_gpio.o(i.GPIO_StructInit)
    i.GPIO_Write                             0x08001064   Section        0  stm32f10x_gpio.o(i.GPIO_Write)
    i.GPIO_WriteBit                          0x08001068   Section        0  stm32f10x_gpio.o(i.GPIO_WriteBit)
    i.GetACSCode                             0x08001074   Section        0  periphery.o(i.GetACSCode)
    i.GetFireState                           0x08001080   Section        0  periphery.o(i.GetFireState)
    i.GetKeyCode                             0x0800108c   Section        0  keyboard.o(i.GetKeyCode)
    i.GetMessage                             0x08001098   Section        0  messages.o(i.GetMessage)
    i.GetSysTime                             0x080010b0   Section        0  _timers.o(i.GetSysTime)
    i.Get_Wiegand                            0x080010bc   Section        0  reader.o(i.Get_Wiegand)
    i.InitMessages                           0x080010c8   Section        0  messages.o(i.InitMessages)
    i.InitTimers                             0x080010e0   Section        0  _timers.o(i.InitTimers)
    i.KeyboardFSM                            0x0800113c   Section        0  keyboard.o(i.KeyboardFSM)
    i.Motion_Allow                           0x08001224   Section        0  turnstile.o(i.Motion_Allow)
    i.ProcessMessages                        0x08001270   Section        0  messages.o(i.ProcessMessages)
    i.RCC_APB1PeriphClockCmd                 0x080012a0   Section        0  stm32f10x_rcc.o(i.RCC_APB1PeriphClockCmd)
    i.RCC_APB2PeriphClockCmd                 0x080012c0   Section        0  stm32f10x_rcc.o(i.RCC_APB2PeriphClockCmd)
    i.RCC_GetClocksFreq                      0x080012e0   Section        0  stm32f10x_rcc.o(i.RCC_GetClocksFreq)
    i.SendMessage                            0x080013b4   Section        0  messages.o(i.SendMessage)
    i.SetSysClock                            0x080013c0   Section        0  system_stm32f10x.o(i.SetSysClock)
    SetSysClock                              0x080013c1   Thumb Code     8  system_stm32f10x.o(i.SetSysClock)
    i.SetSysClockTo24                        0x080013c8   Section        0  system_stm32f10x.o(i.SetSysClockTo24)
    SetSysClockTo24                          0x080013c9   Thumb Code   178  system_stm32f10x.o(i.SetSysClockTo24)
    i.SystemInit                             0x08001480   Section        0  system_stm32f10x.o(i.SystemInit)
    i.TIM6_DAC_IRQHandler                    0x080014e4   Section        0  _timers.o(i.TIM6_DAC_IRQHandler)
    i.TIM_ClearITPendingBit                  0x0800150c   Section        0  stm32f10x_tim.o(i.TIM_ClearITPendingBit)
    i.TIM_Cmd                                0x08001512   Section        0  stm32f10x_tim.o(i.TIM_Cmd)
    i.TIM_GetITStatus                        0x0800152a   Section        0  stm32f10x_tim.o(i.TIM_GetITStatus)
    i.TIM_ITConfig                           0x0800154c   Section        0  stm32f10x_tim.o(i.TIM_ITConfig)
    i.TIM_TimeBaseInit                       0x08001560   Section        0  stm32f10x_tim.o(i.TIM_TimeBaseInit)
    i.TIM_TimeBaseStructInit                 0x08001604   Section        0  stm32f10x_tim.o(i.TIM_TimeBaseStructInit)
    i.USART1_IRQHandler                      0x08001618   Section        0  _usart.o(i.USART1_IRQHandler)
    i.USART_Cmd                              0x0800164c   Section        0  stm32f10x_usart.o(i.USART_Cmd)
    i.USART_GetFlagStatus                    0x08001664   Section        0  stm32f10x_usart.o(i.USART_GetFlagStatus)
    i.USART_GetITStatus                      0x0800167e   Section        0  stm32f10x_usart.o(i.USART_GetITStatus)
    i.USART_ITConfig                         0x080016d2   Section        0  stm32f10x_usart.o(i.USART_ITConfig)
    i.USART_Init                             0x0800171c   Section        0  stm32f10x_usart.o(i.USART_Init)
    i.USART_ReceiveData                      0x080017f4   Section        0  stm32f10x_usart.o(i.USART_ReceiveData)
    i.USART_SendData                         0x080017fe   Section        0  stm32f10x_usart.o(i.USART_SendData)
    i.dFi                                    0x08001806   Section        0  turnstile.o(i.dFi)
    i.dFi0                                   0x08001832   Section        0  motor.o(i.dFi0)
    i.delay                                  0x08001854   Section        0  as5043.o(i.delay)
    i.get_rcv_buf                            0x08001860   Section        0  _usart.o(i.get_rcv_buf)
    i.init_motor                             0x0800186c   Section        0  motor.o(i.init_motor)
    i.init_sensor                            0x080018ac   Section        0  as5043.o(i.init_sensor)
    i.main                                   0x08001914   Section        0  main.o(i.main)
    i.read_sensor                            0x08001b44   Section        0  as5043.o(i.read_sensor)
    i.usart1_init                            0x08001bfc   Section        0  _usart.o(i.usart1_init)
    i.usart1_recv                            0x08001c94   Section        0  _usart.o(i.usart1_recv)
    i.usart1_send                            0x08001cc0   Section        0  _usart.o(i.usart1_send)
    i.working_with_zones                     0x08001cf0   Section        0  motor.o(i.working_with_zones)
    .data                                    0x20000000   Section       28  main.o(.data)
    .data                                    0x2000001c   Section       12  _timers.o(.data)
    .data                                    0x20000028   Section        2  as5043.o(.data)
    read_delay                               0x20000028   Data           2  as5043.o(.data)
    .data                                    0x2000002a   Section        6  keyboard.o(.data)
    .data                                    0x20000030   Section       39  turnstile.o(.data)
    time_permit                              0x20000030   Data           2  turnstile.o(.data)
    fi_zero_current                          0x20000032   Data           2  turnstile.o(.data)
    sensor_data_old                          0x20000034   Data           2  turnstile.o(.data)
    sensor_data_old1                         0x20000036   Data           2  turnstile.o(.data)
    fact_pass_zone                           0x20000038   Data           1  turnstile.o(.data)
    blink                                    0x20000039   Data           1  turnstile.o(.data)
    led_condition                            0x2000003a   Data           1  turnstile.o(.data)
    led_state                                0x2000003b   Data           1  turnstile.o(.data)
    time_blink                               0x2000003c   Data           2  turnstile.o(.data)
    blocking_state                           0x2000003e   Data           1  turnstile.o(.data)
    time_blocking                            0x20000040   Data           2  turnstile.o(.data)
    sensor_data_old                          0x20000042   Data           2  turnstile.o(.data)
    time_speed                               0x20000044   Data           2  turnstile.o(.data)
    calibr_state                             0x20000046   Data           1  turnstile.o(.data)
    n                                        0x20000047   Data           1  turnstile.o(.data)
    time_wait_speed                          0x20000048   Data           2  turnstile.o(.data)
    time_wait_flash_write                    0x2000004a   Data           2  turnstile.o(.data)
    time_fact_pass                           0x2000004c   Data           2  turnstile.o(.data)
    sound_state                              0x2000004e   Data           1  turnstile.o(.data)
    mute                                     0x2000004f   Data           1  turnstile.o(.data)
    blink                                    0x20000050   Data           1  turnstile.o(.data)
    _blink                                   0x20000051   Data           1  turnstile.o(.data)
    button_const_cnt                         0x20000052   Data           1  turnstile.o(.data)
    time_sound                               0x20000054   Data           2  turnstile.o(.data)
    warning                                  0x20000056   Data           1  turnstile.o(.data)
    .data                                    0x20000058   Section       10  periphery.o(.data)
    _acs_input                               0x2000005e   Data           1  periphery.o(.data)
    acs_state                                0x2000005f   Data           1  periphery.o(.data)
    _fire_input                              0x20000060   Data           1  periphery.o(.data)
    fire_state                               0x20000061   Data           1  periphery.o(.data)
    .data                                    0x20000062   Section        1  _usart.o(.data)
    .data                                    0x20000064   Section       24  command_processor.o(.data)
    .data                                    0x2000007c   Section       26  reader.o(.data)
    .data                                    0x20000096   Section       18  motor.o(.data)
    verify_FG                                0x20000096   Data           1  motor.o(.data)
    start_point                              0x20000098   Data           2  motor.o(.data)
    result                                   0x2000009a   Data           2  motor.o(.data)
    condition                                0x2000009c   Data           2  motor.o(.data)
    fi_zero_current0                         0x2000009e   Data           2  motor.o(.data)
    fact_pass_zone0                          0x200000a0   Data           2  motor.o(.data)
    damper                                   0x200000a2   Data           2  motor.o(.data)
    count                                    0x200000a4   Data           2  motor.o(.data)
    zone_count                               0x200000a6   Data           2  motor.o(.data)
    .data                                    0x200000a8   Section       20  stm32f10x_rcc.o(.data)
    APBAHBPrescTable                         0x200000a8   Data          16  stm32f10x_rcc.o(.data)
    ADCPrescTable                            0x200000b8   Data           4  stm32f10x_rcc.o(.data)
    .bss                                     0x200000bc   Section       42  main.o(.bss)
    .bss                                     0x200000e6   Section       10  messages.o(.bss)
    .bss                                     0x200000f0   Section       76  _usart.o(.bss)
    .bss                                     0x2000013c   Section       96  libspace.o(.bss)
    HEAP                                     0x200001a0   Section      512  startup_stm32f10x_md_vl.o(HEAP)
    Heap_Mem                                 0x200001a0   Data         512  startup_stm32f10x_md_vl.o(HEAP)
    STACK                                    0x200003a0   Section     1024  startup_stm32f10x_md_vl.o(STACK)
    Stack_Mem                                0x200003a0   Data        1024  startup_stm32f10x_md_vl.o(STACK)
    __initial_sp                             0x200007a0   Data           0  startup_stm32f10x_md_vl.o(STACK)

    Global Symbols

    Symbol Name                              Value     Ov Type        Size  Object(Section)

    BuildAttributes$$THM_ISAv4$P$D$K$B$S$PE$A:L22UL41UL21$X:L11$S22US41US21$IEEE1$IW$USESV6$~STKCKD$USESV7$~SHL$OSPACE$ROPI$EBA8$UX$STANDARDLIB$REQ8$PRES8$EABIv2 0x00000000   Number         0  anon$$obj.o ABSOLUTE
    __ARM_use_no_argv                        0x00000000   Number         0  main.o ABSOLUTE
    __ARM_exceptions_init                     - Undefined Weak Reference
    __alloca_initialize                       - Undefined Weak Reference
    __arm_preinit_                            - Undefined Weak Reference
    __cpp_initialize__aeabi_                  - Undefined Weak Reference
    __cxa_finalize                            - Undefined Weak Reference
    __rt_locale                               - Undefined Weak Reference
    __sigvec_lookup                           - Undefined Weak Reference
    _atexit_init                              - Undefined Weak Reference
    _call_atexit_fns                          - Undefined Weak Reference
    _clock_init                               - Undefined Weak Reference
    _fp_trap_init                             - Undefined Weak Reference
    _fp_trap_shutdown                         - Undefined Weak Reference
    _get_lc_collate                           - Undefined Weak Reference
    _get_lc_ctype                             - Undefined Weak Reference
    _get_lc_monetary                          - Undefined Weak Reference
    _get_lc_numeric                           - Undefined Weak Reference
    _get_lc_time                              - Undefined Weak Reference
    _getenv_init                              - Undefined Weak Reference
    _handle_redirection                       - Undefined Weak Reference
    _init_alloc                               - Undefined Weak Reference
    _init_user_alloc                          - Undefined Weak Reference
    _initio                                   - Undefined Weak Reference
    _rand_init                                - Undefined Weak Reference
    _signal_finish                            - Undefined Weak Reference
    _signal_init                              - Undefined Weak Reference
    _terminate_alloc                          - Undefined Weak Reference
    _terminate_user_alloc                     - Undefined Weak Reference
    _terminateio                              - Undefined Weak Reference
    __Vectors_Size                           0x00000120   Number         0  startup_stm32f10x_md_vl.o ABSOLUTE
    __Vectors                                0x08000000   Data           4  startup_stm32f10x_md_vl.o(RESET)
    __Vectors_End                            0x08000120   Data           0  startup_stm32f10x_md_vl.o(RESET)
    __main                                   0x08000121   Thumb Code     8  __main.o(!!!main)
    __scatterload                            0x08000129   Thumb Code     0  __scatter.o(!!!scatter)
    __scatterload_rt2                        0x08000129   Thumb Code    44  __scatter.o(!!!scatter)
    __scatterload_rt2_thumb_only             0x08000129   Thumb Code     0  __scatter.o(!!!scatter)
    __scatterload_null                       0x08000137   Thumb Code     0  __scatter.o(!!!scatter)
    __scatterload_copy                       0x0800015d   Thumb Code    26  __scatter_copy.o(!!handler_copy)
    __scatterload_zeroinit                   0x08000179   Thumb Code    28  __scatter_zi.o(!!handler_zi)
    __rt_lib_init                            0x08000195   Thumb Code     0  libinit.o(.ARM.Collect$$libinit$$00000000)
    __rt_lib_init_alloca_1                   0x08000197   Thumb Code     0  libinit2.o(.ARM.Collect$$libinit$$0000002E)
    __rt_lib_init_argv_1                     0x08000197   Thumb Code     0  libinit2.o(.ARM.Collect$$libinit$$0000002C)
    __rt_lib_init_atexit_1                   0x08000197   Thumb Code     0  libinit2.o(.ARM.Collect$$libinit$$0000001B)
    __rt_lib_init_clock_1                    0x08000197   Thumb Code     0  libinit2.o(.ARM.Collect$$libinit$$00000021)
    __rt_lib_init_cpp_1                      0x08000197   Thumb Code     0  libinit2.o(.ARM.Collect$$libinit$$00000032)
    __rt_lib_init_exceptions_1               0x08000197   Thumb Code     0  libinit2.o(.ARM.Collect$$libinit$$00000030)
    __rt_lib_init_fp_1                       0x08000197   Thumb Code     0  libinit2.o(.ARM.Collect$$libinit$$00000002)
    __rt_lib_init_fp_trap_1                  0x08000197   Thumb Code     0  libinit2.o(.ARM.Collect$$libinit$$0000001F)
    __rt_lib_init_getenv_1                   0x08000197   Thumb Code     0  libinit2.o(.ARM.Collect$$libinit$$00000023)
    __rt_lib_init_heap_1                     0x08000197   Thumb Code     0  libinit2.o(.ARM.Collect$$libinit$$0000000A)
    __rt_lib_init_lc_collate_1               0x08000197   Thumb Code     0  libinit2.o(.ARM.Collect$$libinit$$00000011)
    __rt_lib_init_lc_ctype_1                 0x08000197   Thumb Code     0  libinit2.o(.ARM.Collect$$libinit$$00000013)
    __rt_lib_init_lc_monetary_1              0x08000197   Thumb Code     0  libinit2.o(.ARM.Collect$$libinit$$00000015)
    __rt_lib_init_lc_numeric_1               0x08000197   Thumb Code     0  libinit2.o(.ARM.Collect$$libinit$$00000017)
    __rt_lib_init_lc_time_1                  0x08000197   Thumb Code     0  libinit2.o(.ARM.Collect$$libinit$$00000019)
    __rt_lib_init_preinit_1                  0x08000197   Thumb Code     0  libinit2.o(.ARM.Collect$$libinit$$00000004)
    __rt_lib_init_rand_1                     0x08000197   Thumb Code     0  libinit2.o(.ARM.Collect$$libinit$$0000000E)
    __rt_lib_init_return                     0x08000197   Thumb Code     0  libinit2.o(.ARM.Collect$$libinit$$00000033)
    __rt_lib_init_signal_1                   0x08000197   Thumb Code     0  libinit2.o(.ARM.Collect$$libinit$$0000001D)
    __rt_lib_init_stdio_1                    0x08000197   Thumb Code     0  libinit2.o(.ARM.Collect$$libinit$$00000025)
    __rt_lib_init_user_alloc_1               0x08000197   Thumb Code     0  libinit2.o(.ARM.Collect$$libinit$$0000000C)
    __rt_lib_shutdown                        0x08000199   Thumb Code     0  libshutdown.o(.ARM.Collect$$libshutdown$$00000000)
    __rt_lib_shutdown_cpp_1                  0x0800019b   Thumb Code     0  libshutdown2.o(.ARM.Collect$$libshutdown$$00000002)
    __rt_lib_shutdown_fp_trap_1              0x0800019b   Thumb Code     0  libshutdown2.o(.ARM.Collect$$libshutdown$$00000007)
    __rt_lib_shutdown_heap_1                 0x0800019b   Thumb Code     0  libshutdown2.o(.ARM.Collect$$libshutdown$$0000000F)
    __rt_lib_shutdown_return                 0x0800019b   Thumb Code     0  libshutdown2.o(.ARM.Collect$$libshutdown$$00000010)
    __rt_lib_shutdown_signal_1               0x0800019b   Thumb Code     0  libshutdown2.o(.ARM.Collect$$libshutdown$$0000000A)
    __rt_lib_shutdown_stdio_1                0x0800019b   Thumb Code     0  libshutdown2.o(.ARM.Collect$$libshutdown$$00000004)
    __rt_lib_shutdown_user_alloc_1           0x0800019b   Thumb Code     0  libshutdown2.o(.ARM.Collect$$libshutdown$$0000000C)
    __rt_entry                               0x0800019d   Thumb Code     0  __rtentry.o(.ARM.Collect$$rtentry$$00000000)
    __rt_entry_presh_1                       0x0800019d   Thumb Code     0  __rtentry2.o(.ARM.Collect$$rtentry$$00000002)
    __rt_entry_sh                            0x0800019d   Thumb Code     0  __rtentry4.o(.ARM.Collect$$rtentry$$00000004)
    __rt_entry_li                            0x080001a3   Thumb Code     0  __rtentry2.o(.ARM.Collect$$rtentry$$0000000A)
    __rt_entry_postsh_1                      0x080001a3   Thumb Code     0  __rtentry2.o(.ARM.Collect$$rtentry$$00000009)
    __rt_entry_main                          0x080001a7   Thumb Code     0  __rtentry2.o(.ARM.Collect$$rtentry$$0000000D)
    __rt_entry_postli_1                      0x080001a7   Thumb Code     0  __rtentry2.o(.ARM.Collect$$rtentry$$0000000C)
    __rt_exit                                0x080001af   Thumb Code     0  rtexit.o(.ARM.Collect$$rtexit$$00000000)
    __rt_exit_ls                             0x080001b1   Thumb Code     0  rtexit2.o(.ARM.Collect$$rtexit$$00000003)
    __rt_exit_prels_1                        0x080001b1   Thumb Code     0  rtexit2.o(.ARM.Collect$$rtexit$$00000002)
    __rt_exit_exit                           0x080001b5   Thumb Code     0  rtexit2.o(.ARM.Collect$$rtexit$$00000004)
    Reset_Handler                            0x080001bd   Thumb Code     8  startup_stm32f10x_md_vl.o(.text)
    NMI_Handler                              0x080001c5   Thumb Code     2  startup_stm32f10x_md_vl.o(.text)
    HardFault_Handler                        0x080001c7   Thumb Code     2  startup_stm32f10x_md_vl.o(.text)
    MemManage_Handler                        0x080001c9   Thumb Code     2  startup_stm32f10x_md_vl.o(.text)
    BusFault_Handler                         0x080001cb   Thumb Code     2  startup_stm32f10x_md_vl.o(.text)
    UsageFault_Handler                       0x080001cd   Thumb Code     2  startup_stm32f10x_md_vl.o(.text)
    SVC_Handler                              0x080001cf   Thumb Code     2  startup_stm32f10x_md_vl.o(.text)
    DebugMon_Handler                         0x080001d1   Thumb Code     2  startup_stm32f10x_md_vl.o(.text)
    PendSV_Handler                           0x080001d3   Thumb Code     2  startup_stm32f10x_md_vl.o(.text)
    SysTick_Handler                          0x080001d5   Thumb Code     2  startup_stm32f10x_md_vl.o(.text)
    ADC1_IRQHandler                          0x080001d7   Thumb Code     0  startup_stm32f10x_md_vl.o(.text)
    CEC_IRQHandler                           0x080001d7   Thumb Code     0  startup_stm32f10x_md_vl.o(.text)
    DMA1_Channel1_IRQHandler                 0x080001d7   Thumb Code     0  startup_stm32f10x_md_vl.o(.text)
    DMA1_Channel2_IRQHandler                 0x080001d7   Thumb Code     0  startup_stm32f10x_md_vl.o(.text)
    DMA1_Channel3_IRQHandler                 0x080001d7   Thumb Code     0  startup_stm32f10x_md_vl.o(.text)
    DMA1_Channel4_IRQHandler                 0x080001d7   Thumb Code     0  startup_stm32f10x_md_vl.o(.text)
    DMA1_Channel5_IRQHandler                 0x080001d7   Thumb Code     0  startup_stm32f10x_md_vl.o(.text)
    DMA1_Channel6_IRQHandler                 0x080001d7   Thumb Code     0  startup_stm32f10x_md_vl.o(.text)
    DMA1_Channel7_IRQHandler                 0x080001d7   Thumb Code     0  startup_stm32f10x_md_vl.o(.text)
    EXTI0_IRQHandler                         0x080001d7   Thumb Code     0  startup_stm32f10x_md_vl.o(.text)
    EXTI15_10_IRQHandler                     0x080001d7   Thumb Code     0  startup_stm32f10x_md_vl.o(.text)
    EXTI1_IRQHandler                         0x080001d7   Thumb Code     0  startup_stm32f10x_md_vl.o(.text)
    EXTI2_IRQHandler                         0x080001d7   Thumb Code     0  startup_stm32f10x_md_vl.o(.text)
    EXTI3_IRQHandler                         0x080001d7   Thumb Code     0  startup_stm32f10x_md_vl.o(.text)
    EXTI4_IRQHandler                         0x080001d7   Thumb Code     0  startup_stm32f10x_md_vl.o(.text)
    FLASH_IRQHandler                         0x080001d7   Thumb Code     0  startup_stm32f10x_md_vl.o(.text)
    I2C1_ER_IRQHandler                       0x080001d7   Thumb Code     0  startup_stm32f10x_md_vl.o(.text)
    I2C1_EV_IRQHandler                       0x080001d7   Thumb Code     0  startup_stm32f10x_md_vl.o(.text)
    I2C2_ER_IRQHandler                       0x080001d7   Thumb Code     0  startup_stm32f10x_md_vl.o(.text)
    I2C2_EV_IRQHandler                       0x080001d7   Thumb Code     0  startup_stm32f10x_md_vl.o(.text)
    PVD_IRQHandler                           0x080001d7   Thumb Code     0  startup_stm32f10x_md_vl.o(.text)
    RCC_IRQHandler                           0x080001d7   Thumb Code     0  startup_stm32f10x_md_vl.o(.text)
    RTCAlarm_IRQHandler                      0x080001d7   Thumb Code     0  startup_stm32f10x_md_vl.o(.text)
    RTC_IRQHandler                           0x080001d7   Thumb Code     0  startup_stm32f10x_md_vl.o(.text)
    SPI1_IRQHandler                          0x080001d7   Thumb Code     0  startup_stm32f10x_md_vl.o(.text)
    SPI2_IRQHandler                          0x080001d7   Thumb Code     0  startup_stm32f10x_md_vl.o(.text)
    TAMPER_IRQHandler                        0x080001d7   Thumb Code     0  startup_stm32f10x_md_vl.o(.text)
    TIM1_BRK_TIM15_IRQHandler                0x080001d7   Thumb Code     0  startup_stm32f10x_md_vl.o(.text)
    TIM1_CC_IRQHandler                       0x080001d7   Thumb Code     0  startup_stm32f10x_md_vl.o(.text)
    TIM1_TRG_COM_TIM17_IRQHandler            0x080001d7   Thumb Code     0  startup_stm32f10x_md_vl.o(.text)
    TIM1_UP_TIM16_IRQHandler                 0x080001d7   Thumb Code     0  startup_stm32f10x_md_vl.o(.text)
    TIM2_IRQHandler                          0x080001d7   Thumb Code     0  startup_stm32f10x_md_vl.o(.text)
    TIM3_IRQHandler                          0x080001d7   Thumb Code     0  startup_stm32f10x_md_vl.o(.text)
    TIM4_IRQHandler                          0x080001d7   Thumb Code     0  startup_stm32f10x_md_vl.o(.text)
    TIM7_IRQHandler                          0x080001d7   Thumb Code     0  startup_stm32f10x_md_vl.o(.text)
    USART2_IRQHandler                        0x080001d7   Thumb Code     0  startup_stm32f10x_md_vl.o(.text)
    USART3_IRQHandler                        0x080001d7   Thumb Code     0  startup_stm32f10x_md_vl.o(.text)
    WWDG_IRQHandler                          0x080001d7   Thumb Code     0  startup_stm32f10x_md_vl.o(.text)
    __user_initial_stackheap                 0x080001d9   Thumb Code     0  startup_stm32f10x_md_vl.o(.text)
    __use_two_region_memory                  0x080001fd   Thumb Code     2  heapauxi.o(.text)
    __rt_heap_escrow$2region                 0x080001ff   Thumb Code     2  heapauxi.o(.text)
    __rt_heap_expand$2region                 0x08000201   Thumb Code     2  heapauxi.o(.text)
    __user_setup_stackheap                   0x08000203   Thumb Code    74  sys_stackheap_outer.o(.text)
    exit                                     0x0800024d   Thumb Code    18  exit.o(.text)
    __user_libspace                          0x08000261   Thumb Code     8  libspace.o(.text)
    __user_perproc_libspace                  0x08000261   Thumb Code     0  libspace.o(.text)
    __user_perthread_libspace                0x08000261   Thumb Code     0  libspace.o(.text)
    _sys_exit                                0x08000269   Thumb Code     8  sys_exit.o(.text)
    __I$use$semihosting                      0x08000275   Thumb Code     0  use_no_semi.o(.text)
    __use_no_semihosting_swi                 0x08000275   Thumb Code     2  use_no_semi.o(.text)
    __semihosting_library_function           0x08000277   Thumb Code     0  indicate_semi.o(.text)
    Command_Processor                        0x08000279   Thumb Code   136  command_processor.o(i.Command_Processor)
    Control_step                             0x08000311   Thumb Code   160  motor.o(i.Control_step)
    EXTI9_5_IRQHandler                       0x080003c9   Thumb Code     2  reader.o(i.EXTI9_5_IRQHandler)
    FSM_ACS                                  0x080003cd   Thumb Code   136  periphery.o(i.FSM_ACS)
    FSM_Fact_Pass                            0x0800046d   Thumb Code    88  turnstile.o(i.FSM_Fact_Pass)
    FSM_Fire_Alarm                           0x080004cd   Thumb Code   112  periphery.o(i.FSM_Fire_Alarm)
    FSM_Sensor_Damage                        0x08000551   Thumb Code    44  turnstile.o(i.FSM_Sensor_Damage)
    FSM_blocking                             0x08000581   Thumb Code   176  turnstile.o(i.FSM_blocking)
    FSM_calibr                               0x0800063d   Thumb Code   258  turnstile.o(i.FSM_calibr)
    FSM_indicators                           0x08000755   Thumb Code   360  turnstile.o(i.FSM_indicators)
    FSM_location_dsm                         0x080008d1   Thumb Code   460  motor.o(i.FSM_location_dsm)
    FSM_permit                               0x08000ab1   Thumb Code   102  turnstile.o(i.FSM_permit)
    FSM_speed                                0x08000b19   Thumb Code    80  turnstile.o(i.FSM_speed)
    FSM_turnstile                            0x08000b71   Thumb Code   270  turnstile.o(i.FSM_turnstile)
    FSMlocation                              0x08000c85   Thumb Code   448  turnstile.o(i.FSMlocation)
    Flash_Erase_Page                         0x08000e55   Thumb Code    52  flash.o(i.Flash_Erase_Page)
    Flash_Read                               0x08000e8d   Thumb Code    20  flash.o(i.Flash_Read)
    Flash_Unlock                             0x08000ea1   Thumb Code    12  flash.o(i.Flash_Unlock)
    Flash_Write                              0x08000eb9   Thumb Code   102  flash.o(i.Flash_Write)
    GPIO_Init                                0x08000f25   Thumb Code   278  stm32f10x_gpio.o(i.GPIO_Init)
    GPIO_ReadInputDataBit                    0x0800103b   Thumb Code    18  stm32f10x_gpio.o(i.GPIO_ReadInputDataBit)
    GPIO_ReadOutputData                      0x0800104d   Thumb Code     8  stm32f10x_gpio.o(i.GPIO_ReadOutputData)
    GPIO_StructInit                          0x08001055   Thumb Code    16  stm32f10x_gpio.o(i.GPIO_StructInit)
    GPIO_Write                               0x08001065   Thumb Code     4  stm32f10x_gpio.o(i.GPIO_Write)
    GPIO_WriteBit                            0x08001069   Thumb Code    10  stm32f10x_gpio.o(i.GPIO_WriteBit)
    GetACSCode                               0x08001075   Thumb Code     6  periphery.o(i.GetACSCode)
    GetFireState                             0x08001081   Thumb Code     6  periphery.o(i.GetFireState)
    GetKeyCode                               0x0800108d   Thumb Code     6  keyboard.o(i.GetKeyCode)
    GetMessage                               0x08001099   Thumb Code    18  messages.o(i.GetMessage)
    GetSysTime                               0x080010b1   Thumb Code     6  _timers.o(i.GetSysTime)
    Get_Wiegand                              0x080010bd   Thumb Code     6  reader.o(i.Get_Wiegand)
    InitMessages                             0x080010c9   Thumb Code    20  messages.o(i.InitMessages)
    InitTimers                               0x080010e1   Thumb Code    86  _timers.o(i.InitTimers)
    KeyboardFSM                              0x0800113d   Thumb Code   206  keyboard.o(i.KeyboardFSM)
    Motion_Allow                             0x08001225   Thumb Code    76  turnstile.o(i.Motion_Allow)
    ProcessMessages                          0x08001271   Thumb Code    42  messages.o(i.ProcessMessages)
    RCC_APB1PeriphClockCmd                   0x080012a1   Thumb Code    26  stm32f10x_rcc.o(i.RCC_APB1PeriphClockCmd)
    RCC_APB2PeriphClockCmd                   0x080012c1   Thumb Code    26  stm32f10x_rcc.o(i.RCC_APB2PeriphClockCmd)
    RCC_GetClocksFreq                        0x080012e1   Thumb Code   190  stm32f10x_rcc.o(i.RCC_GetClocksFreq)
    SendMessage                              0x080013b5   Thumb Code     8  messages.o(i.SendMessage)
    SystemInit                               0x08001481   Thumb Code    82  system_stm32f10x.o(i.SystemInit)
    TIM6_DAC_IRQHandler                      0x080014e5   Thumb Code    32  _timers.o(i.TIM6_DAC_IRQHandler)
    TIM_ClearITPendingBit                    0x0800150d   Thumb Code     6  stm32f10x_tim.o(i.TIM_ClearITPendingBit)
    TIM_Cmd                                  0x08001513   Thumb Code    24  stm32f10x_tim.o(i.TIM_Cmd)
    TIM_GetITStatus                          0x0800152b   Thumb Code    34  stm32f10x_tim.o(i.TIM_GetITStatus)
    TIM_ITConfig                             0x0800154d   Thumb Code    18  stm32f10x_tim.o(i.TIM_ITConfig)
    TIM_TimeBaseInit                         0x08001561   Thumb Code   122  stm32f10x_tim.o(i.TIM_TimeBaseInit)
    TIM_TimeBaseStructInit                   0x08001605   Thumb Code    18  stm32f10x_tim.o(i.TIM_TimeBaseStructInit)
    USART1_IRQHandler                        0x08001619   Thumb Code    40  _usart.o(i.USART1_IRQHandler)
    USART_Cmd                                0x0800164d   Thumb Code    24  stm32f10x_usart.o(i.USART_Cmd)
    USART_GetFlagStatus                      0x08001665   Thumb Code    26  stm32f10x_usart.o(i.USART_GetFlagStatus)
    USART_GetITStatus                        0x0800167f   Thumb Code    84  stm32f10x_usart.o(i.USART_GetITStatus)
    USART_ITConfig                           0x080016d3   Thumb Code    74  stm32f10x_usart.o(i.USART_ITConfig)
    USART_Init                               0x0800171d   Thumb Code   210  stm32f10x_usart.o(i.USART_Init)
    USART_ReceiveData                        0x080017f5   Thumb Code    10  stm32f10x_usart.o(i.USART_ReceiveData)
    USART_SendData                           0x080017ff   Thumb Code     8  stm32f10x_usart.o(i.USART_SendData)
    dFi                                      0x08001807   Thumb Code    44  turnstile.o(i.dFi)
    dFi0                                     0x08001833   Thumb Code    34  motor.o(i.dFi0)
    delay                                    0x08001855   Thumb Code    10  as5043.o(i.delay)
    get_rcv_buf                              0x08001861   Thumb Code     6  _usart.o(i.get_rcv_buf)
    init_motor                               0x0800186d   Thumb Code    60  motor.o(i.init_motor)
    init_sensor                              0x080018ad   Thumb Code   100  as5043.o(i.init_sensor)
    main                                     0x08001915   Thumb Code   510  main.o(i.main)
    read_sensor                              0x08001b45   Thumb Code   172  as5043.o(i.read_sensor)
    usart1_init                              0x08001bfd   Thumb Code   136  _usart.o(i.usart1_init)
    usart1_recv                              0x08001c95   Thumb Code    34  _usart.o(i.usart1_recv)
    usart1_send                              0x08001cc1   Thumb Code    42  _usart.o(i.usart1_send)
    working_with_zones                       0x08001cf1   Thumb Code   212  motor.o(i.working_with_zones)
    Region$$Table$$Base                      0x08001dcc   Number         0  anon$$obj.o(Region$$Table)
    Region$$Table$$Limit                     0x08001dec   Number         0  anon$$obj.o(Region$$Table)
    last_time_blue                           0x20000000   Data           2  main.o(.data)
    last_time_green                          0x20000002   Data           2  main.o(.data)
    last_time_ports                          0x20000004   Data           2  main.o(.data)
    state                                    0x20000008   Data           4  main.o(.data)
    state1                                   0x2000000c   Data           4  main.o(.data)
    a                                        0x20000010   Data           1  main.o(.data)
    GPIO_InitStructure                       0x20000012   Data           4  main.o(.data)
    Sensor1_InitStructure                    0x20000016   Data           6  main.o(.data)
    tick                                     0x2000001c   Data           2  _timers.o(.data)
    speed                                    0x20000020   Data           4  _timers.o(.data)
    sensor_angle                             0x20000024   Data           4  _timers.o(.data)
    key_code                                 0x2000002a   Data           1  keyboard.o(.data)
    _key_code                                0x2000002b   Data           1  keyboard.o(.data)
    key_state                                0x2000002c   Data           1  keyboard.o(.data)
    key_timer                                0x2000002e   Data           2  keyboard.o(.data)
    acs_code                                 0x20000058   Data           1  periphery.o(.data)
    fire_pin                                 0x20000059   Data           1  periphery.o(.data)
    acs_timer                                0x2000005a   Data           2  periphery.o(.data)
    fire_timer                               0x2000005c   Data           2  periphery.o(.data)
    rcv_cnt                                  0x20000062   Data           1  _usart.o(.data)
    Command_Struct                           0x20000064   Data           8  command_processor.o(.data)
    module_name                              0x2000006c   Data           6  command_processor.o(.data)
    wgnd                                     0x20000072   Data           4  command_processor.o(.data)
    wgd_code                                 0x20000078   Data           4  command_processor.o(.data)
    exti                                     0x2000007c   Data           8  reader.o(.data)
    wiegand                                  0x20000084   Data           4  reader.o(.data)
    _wiegand                                 0x20000088   Data           4  reader.o(.data)
    wiegand1                                 0x2000008c   Data           4  reader.o(.data)
    _wiegand1                                0x20000090   Data           4  reader.o(.data)
    code_len                                 0x20000094   Data           1  reader.o(.data)
    code_len1                                0x20000095   Data           1  reader.o(.data)
    Turnstile_InitStruct                     0x200000bc   Data          12  main.o(.bss)
    EEPROM_InitStruct                        0x200000c8   Data          20  main.o(.bss)
    dsm_InitStruct                           0x200000dc   Data          10  main.o(.bss)
    Messages                                 0x200000e6   Data          10  messages.o(.bss)
    USART_InitStructure                      0x200000f0   Data          16  _usart.o(.bss)
    recv_buf                                 0x20000100   Data          24  _usart.o(.bss)
    send_buf                                 0x20000118   Data          36  _usart.o(.bss)
    __libspace_start                         0x2000013c   Data          96  libspace.o(.bss)
    __temporary_stack_top$libspace           0x2000019c   Data           0  libspace.o(.bss)



==============================================================================

Memory Map of the image

  Image Entry point : 0x080001bd

  Load Region LR_1 (Base: 0x08000000, Size: 0x00001ea8, Max: 0xffffffff, ABSOLUTE)

    Execution Region ER_RO (Exec base: 0x08000000, Load base: 0x08000000, Size: 0x00001dec, Max: 0xffffffff, ABSOLUTE)

    Exec Addr    Load Addr    Size         Type   Attr      Idx    E Section Name        Object

    0x08000000   0x08000000   0x00000120   Data   RO         1911    RESET               startup_stm32f10x_md_vl.o
    0x08000120   0x08000120   0x00000008   Code   RO         1966  * !!!main             c_w.l(__main.o)
    0x08000128   0x08000128   0x00000034   Code   RO         2123    !!!scatter          c_w.l(__scatter.o)
    0x0800015c   0x0800015c   0x0000001a   Code   RO         2125    !!handler_copy      c_w.l(__scatter_copy.o)
    0x08000176   0x08000176   0x00000002   PAD
    0x08000178   0x08000178   0x0000001c   Code   RO         2127    !!handler_zi        c_w.l(__scatter_zi.o)
    0x08000194   0x08000194   0x00000002   Code   RO         1993    .ARM.Collect$$libinit$$00000000  c_w.l(libinit.o)
    0x08000196   0x08000196   0x00000000   Code   RO         2000    .ARM.Collect$$libinit$$00000002  c_w.l(libinit2.o)
    0x08000196   0x08000196   0x00000000   Code   RO         2002    .ARM.Collect$$libinit$$00000004  c_w.l(libinit2.o)
    0x08000196   0x08000196   0x00000000   Code   RO         2005    .ARM.Collect$$libinit$$0000000A  c_w.l(libinit2.o)
    0x08000196   0x08000196   0x00000000   Code   RO         2007    .ARM.Collect$$libinit$$0000000C  c_w.l(libinit2.o)
    0x08000196   0x08000196   0x00000000   Code   RO         2009    .ARM.Collect$$libinit$$0000000E  c_w.l(libinit2.o)
    0x08000196   0x08000196   0x00000000   Code   RO         2012    .ARM.Collect$$libinit$$00000011  c_w.l(libinit2.o)
    0x08000196   0x08000196   0x00000000   Code   RO         2014    .ARM.Collect$$libinit$$00000013  c_w.l(libinit2.o)
    0x08000196   0x08000196   0x00000000   Code   RO         2016    .ARM.Collect$$libinit$$00000015  c_w.l(libinit2.o)
    0x08000196   0x08000196   0x00000000   Code   RO         2018    .ARM.Collect$$libinit$$00000017  c_w.l(libinit2.o)
    0x08000196   0x08000196   0x00000000   Code   RO         2020    .ARM.Collect$$libinit$$00000019  c_w.l(libinit2.o)
    0x08000196   0x08000196   0x00000000   Code   RO         2022    .ARM.Collect$$libinit$$0000001B  c_w.l(libinit2.o)
    0x08000196   0x08000196   0x00000000   Code   RO         2024    .ARM.Collect$$libinit$$0000001D  c_w.l(libinit2.o)
    0x08000196   0x08000196   0x00000000   Code   RO         2026    .ARM.Collect$$libinit$$0000001F  c_w.l(libinit2.o)
    0x08000196   0x08000196   0x00000000   Code   RO         2028    .ARM.Collect$$libinit$$00000021  c_w.l(libinit2.o)
    0x08000196   0x08000196   0x00000000   Code   RO         2030    .ARM.Collect$$libinit$$00000023  c_w.l(libinit2.o)
    0x08000196   0x08000196   0x00000000   Code   RO         2032    .ARM.Collect$$libinit$$00000025  c_w.l(libinit2.o)
    0x08000196   0x08000196   0x00000000   Code   RO         2036    .ARM.Collect$$libinit$$0000002C  c_w.l(libinit2.o)
    0x08000196   0x08000196   0x00000000   Code   RO         2038    .ARM.Collect$$libinit$$0000002E  c_w.l(libinit2.o)
    0x08000196   0x08000196   0x00000000   Code   RO         2040    .ARM.Collect$$libinit$$00000030  c_w.l(libinit2.o)
    0x08000196   0x08000196   0x00000000   Code   RO         2042    .ARM.Collect$$libinit$$00000032  c_w.l(libinit2.o)
    0x08000196   0x08000196   0x00000002   Code   RO         2043    .ARM.Collect$$libinit$$00000033  c_w.l(libinit2.o)
    0x08000198   0x08000198   0x00000002   Code   RO         2063    .ARM.Collect$$libshutdown$$00000000  c_w.l(libshutdown.o)
    0x0800019a   0x0800019a   0x00000000   Code   RO         2076    .ARM.Collect$$libshutdown$$00000002  c_w.l(libshutdown2.o)
    0x0800019a   0x0800019a   0x00000000   Code   RO         2078    .ARM.Collect$$libshutdown$$00000004  c_w.l(libshutdown2.o)
    0x0800019a   0x0800019a   0x00000000   Code   RO         2081    .ARM.Collect$$libshutdown$$00000007  c_w.l(libshutdown2.o)
    0x0800019a   0x0800019a   0x00000000   Code   RO         2084    .ARM.Collect$$libshutdown$$0000000A  c_w.l(libshutdown2.o)
    0x0800019a   0x0800019a   0x00000000   Code   RO         2086    .ARM.Collect$$libshutdown$$0000000C  c_w.l(libshutdown2.o)
    0x0800019a   0x0800019a   0x00000000   Code   RO         2089    .ARM.Collect$$libshutdown$$0000000F  c_w.l(libshutdown2.o)
    0x0800019a   0x0800019a   0x00000002   Code   RO         2090    .ARM.Collect$$libshutdown$$00000010  c_w.l(libshutdown2.o)
    0x0800019c   0x0800019c   0x00000000   Code   RO         1968    .ARM.Collect$$rtentry$$00000000  c_w.l(__rtentry.o)
    0x0800019c   0x0800019c   0x00000000   Code   RO         1970    .ARM.Collect$$rtentry$$00000002  c_w.l(__rtentry2.o)
    0x0800019c   0x0800019c   0x00000006   Code   RO         1982    .ARM.Collect$$rtentry$$00000004  c_w.l(__rtentry4.o)
    0x080001a2   0x080001a2   0x00000000   Code   RO         1972    .ARM.Collect$$rtentry$$00000009  c_w.l(__rtentry2.o)
    0x080001a2   0x080001a2   0x00000004   Code   RO         1973    .ARM.Collect$$rtentry$$0000000A  c_w.l(__rtentry2.o)
    0x080001a6   0x080001a6   0x00000000   Code   RO         1975    .ARM.Collect$$rtentry$$0000000C  c_w.l(__rtentry2.o)
    0x080001a6   0x080001a6   0x00000008   Code   RO         1976    .ARM.Collect$$rtentry$$0000000D  c_w.l(__rtentry2.o)
    0x080001ae   0x080001ae   0x00000002   Code   RO         1997    .ARM.Collect$$rtexit$$00000000  c_w.l(rtexit.o)
    0x080001b0   0x080001b0   0x00000000   Code   RO         2045    .ARM.Collect$$rtexit$$00000002  c_w.l(rtexit2.o)
    0x080001b0   0x080001b0   0x00000004   Code   RO         2046    .ARM.Collect$$rtexit$$00000003  c_w.l(rtexit2.o)
    0x080001b4   0x080001b4   0x00000006   Code   RO         2047    .ARM.Collect$$rtexit$$00000004  c_w.l(rtexit2.o)
    0x080001ba   0x080001ba   0x00000002   PAD
    0x080001bc   0x080001bc   0x00000040   Code   RO         1912  * .text               startup_stm32f10x_md_vl.o
    0x080001fc   0x080001fc   0x00000006   Code   RO         1964    .text               c_w.l(heapauxi.o)
    0x08000202   0x08000202   0x0000004a   Code   RO         1984    .text               c_w.l(sys_stackheap_outer.o)
    0x0800024c   0x0800024c   0x00000012   Code   RO         1986    .text               c_w.l(exit.o)
    0x0800025e   0x0800025e   0x00000002   PAD
    0x08000260   0x08000260   0x00000008   Code   RO         1994    .text               c_w.l(libspace.o)
    0x08000268   0x08000268   0x0000000c   Code   RO         2055    .text               c_w.l(sys_exit.o)
    0x08000274   0x08000274   0x00000002   Code   RO         2066    .text               c_w.l(use_no_semi.o)
    0x08000276   0x08000276   0x00000000   Code   RO         2068    .text               c_w.l(indicate_semi.o)
    0x08000276   0x08000276   0x00000002   PAD
    0x08000278   0x08000278   0x00000098   Code   RO          515    i.Command_Processor  command_processor.o
    0x08000310   0x08000310   0x000000b8   Code   RO          590    i.Control_step      motor.o
    0x080003c8   0x080003c8   0x00000002   Code   RO          551    i.EXTI9_5_IRQHandler  reader.o
    0x080003ca   0x080003ca   0x00000002   PAD
    0x080003cc   0x080003cc   0x000000a0   Code   RO          415    i.FSM_ACS           periphery.o
    0x0800046c   0x0800046c   0x00000060   Code   RO          273    i.FSM_Fact_Pass     turnstile.o
    0x080004cc   0x080004cc   0x00000084   Code   RO          416    i.FSM_Fire_Alarm    periphery.o
    0x08000550   0x08000550   0x00000030   Code   RO          274    i.FSM_Sensor_Damage  turnstile.o
    0x08000580   0x08000580   0x000000bc   Code   RO          276    i.FSM_blocking      turnstile.o
    0x0800063c   0x0800063c   0x00000118   Code   RO          277    i.FSM_calibr        turnstile.o
    0x08000754   0x08000754   0x0000017c   Code   RO          278    i.FSM_indicators    turnstile.o
    0x080008d0   0x080008d0   0x000001e0   Code   RO          591    i.FSM_location_dsm  motor.o
    0x08000ab0   0x08000ab0   0x00000066   Code   RO          279    i.FSM_permit        turnstile.o
    0x08000b16   0x08000b16   0x00000002   PAD
    0x08000b18   0x08000b18   0x00000058   Code   RO          280    i.FSM_speed         turnstile.o
    0x08000b70   0x08000b70   0x00000114   Code   RO          281    i.FSM_turnstile     turnstile.o
    0x08000c84   0x08000c84   0x000001d0   Code   RO          282    i.FSMlocation       turnstile.o
    0x08000e54   0x08000e54   0x00000038   Code   RO          373    i.Flash_Erase_Page  flash.o
    0x08000e8c   0x08000e8c   0x00000014   Code   RO          374    i.Flash_Read        flash.o
    0x08000ea0   0x08000ea0   0x00000018   Code   RO          375    i.Flash_Unlock      flash.o
    0x08000eb8   0x08000eb8   0x0000006c   Code   RO          376    i.Flash_Write       flash.o
    0x08000f24   0x08000f24   0x00000116   Code   RO          774    i.GPIO_Init         stm32f10x_gpio.o
    0x0800103a   0x0800103a   0x00000012   Code   RO          778    i.GPIO_ReadInputDataBit  stm32f10x_gpio.o
    0x0800104c   0x0800104c   0x00000008   Code   RO          779    i.GPIO_ReadOutputData  stm32f10x_gpio.o
    0x08001054   0x08001054   0x00000010   Code   RO          783    i.GPIO_StructInit   stm32f10x_gpio.o
    0x08001064   0x08001064   0x00000004   Code   RO          784    i.GPIO_Write        stm32f10x_gpio.o
    0x08001068   0x08001068   0x0000000a   Code   RO          785    i.GPIO_WriteBit     stm32f10x_gpio.o
    0x08001072   0x08001072   0x00000002   PAD
    0x08001074   0x08001074   0x0000000c   Code   RO          417    i.GetACSCode        periphery.o
    0x08001080   0x08001080   0x0000000c   Code   RO          418    i.GetFireState      periphery.o
    0x0800108c   0x0800108c   0x0000000c   Code   RO          204    i.GetKeyCode        keyboard.o
    0x08001098   0x08001098   0x00000018   Code   RO          237    i.GetMessage        messages.o
    0x080010b0   0x080010b0   0x0000000c   Code   RO          118    i.GetSysTime        _timers.o
    0x080010bc   0x080010bc   0x0000000c   Code   RO          552    i.Get_Wiegand       reader.o
    0x080010c8   0x080010c8   0x00000018   Code   RO          238    i.InitMessages      messages.o
    0x080010e0   0x080010e0   0x0000005c   Code   RO          119    i.InitTimers        _timers.o
    0x0800113c   0x0800113c   0x000000e8   Code   RO          205    i.KeyboardFSM       keyboard.o
    0x08001224   0x08001224   0x0000004c   Code   RO          283    i.Motion_Allow      turnstile.o
    0x08001270   0x08001270   0x00000030   Code   RO          239    i.ProcessMessages   messages.o
    0x080012a0   0x080012a0   0x00000020   Code   RO          896    i.RCC_APB1PeriphClockCmd  stm32f10x_rcc.o
    0x080012c0   0x080012c0   0x00000020   Code   RO          898    i.RCC_APB2PeriphClockCmd  stm32f10x_rcc.o
    0x080012e0   0x080012e0   0x000000d4   Code   RO          906    i.RCC_GetClocksFreq  stm32f10x_rcc.o
    0x080013b4   0x080013b4   0x0000000c   Code   RO          240    i.SendMessage       messages.o
    0x080013c0   0x080013c0   0x00000008   Code   RO         1919    i.SetSysClock       system_stm32f10x.o
    0x080013c8   0x080013c8   0x000000b8   Code   RO         1920    i.SetSysClockTo24   system_stm32f10x.o
    0x08001480   0x08001480   0x00000064   Code   RO         1922    i.SystemInit        system_stm32f10x.o
    0x080014e4   0x080014e4   0x00000028   Code   RO          120    i.TIM6_DAC_IRQHandler  _timers.o
    0x0800150c   0x0800150c   0x00000006   Code   RO         1123    i.TIM_ClearITPendingBit  stm32f10x_tim.o
    0x08001512   0x08001512   0x00000018   Code   RO         1128    i.TIM_Cmd           stm32f10x_tim.o
    0x0800152a   0x0800152a   0x00000022   Code   RO         1149    i.TIM_GetITStatus   stm32f10x_tim.o
    0x0800154c   0x0800154c   0x00000012   Code   RO         1153    i.TIM_ITConfig      stm32f10x_tim.o
    0x0800155e   0x0800155e   0x00000002   PAD
    0x08001560   0x08001560   0x000000a4   Code   RO         1199    i.TIM_TimeBaseInit  stm32f10x_tim.o
    0x08001604   0x08001604   0x00000012   Code   RO         1200    i.TIM_TimeBaseStructInit  stm32f10x_tim.o
    0x08001616   0x08001616   0x00000002   PAD
    0x08001618   0x08001618   0x00000034   Code   RO          460    i.USART1_IRQHandler  _usart.o
    0x0800164c   0x0800164c   0x00000018   Code   RO         1676    i.USART_Cmd         stm32f10x_usart.o
    0x08001664   0x08001664   0x0000001a   Code   RO         1679    i.USART_GetFlagStatus  stm32f10x_usart.o
    0x0800167e   0x0800167e   0x00000054   Code   RO         1680    i.USART_GetITStatus  stm32f10x_usart.o
    0x080016d2   0x080016d2   0x0000004a   Code   RO         1682    i.USART_ITConfig    stm32f10x_usart.o
    0x0800171c   0x0800171c   0x000000d8   Code   RO         1683    i.USART_Init        stm32f10x_usart.o
    0x080017f4   0x080017f4   0x0000000a   Code   RO         1690    i.USART_ReceiveData  stm32f10x_usart.o
    0x080017fe   0x080017fe   0x00000008   Code   RO         1693    i.USART_SendData    stm32f10x_usart.o
    0x08001806   0x08001806   0x0000002c   Code   RO          284    i.dFi               turnstile.o
    0x08001832   0x08001832   0x00000022   Code   RO          592    i.dFi0              motor.o
    0x08001854   0x08001854   0x0000000a   Code   RO          167    i.delay             as5043.o
    0x0800185e   0x0800185e   0x00000002   PAD
    0x08001860   0x08001860   0x0000000c   Code   RO          461    i.get_rcv_buf       _usart.o
    0x0800186c   0x0800186c   0x00000040   Code   RO          593    i.init_motor        motor.o
    0x080018ac   0x080018ac   0x00000068   Code   RO          168    i.init_sensor       as5043.o
    0x08001914   0x08001914   0x00000230   Code   RO            4    i.main              main.o
    0x08001b44   0x08001b44   0x000000b8   Code   RO          169    i.read_sensor       as5043.o
    0x08001bfc   0x08001bfc   0x00000098   Code   RO          462    i.usart1_init       _usart.o
    0x08001c94   0x08001c94   0x0000002c   Code   RO          463    i.usart1_recv       _usart.o
    0x08001cc0   0x08001cc0   0x00000030   Code   RO          464    i.usart1_send       _usart.o
    0x08001cf0   0x08001cf0   0x000000dc   Code   RO          594    i.working_with_zones  motor.o
    0x08001dcc   0x08001dcc   0x00000020   Data   RO         2121    Region$$Table       anon$$obj.o


    Execution Region ER_RW (Exec base: 0x20000000, Load base: 0x08001dec, Size: 0x000000bc, Max: 0xffffffff, ABSOLUTE)

    Exec Addr    Load Addr    Size         Type   Attr      Idx    E Section Name        Object

    0x20000000   0x08001dec   0x0000001c   Data   RW            6    .data               main.o
    0x2000001c   0x08001e08   0x0000000c   Data   RW          121    .data               _timers.o
    0x20000028   0x08001e14   0x00000002   Data   RW          170    .data               as5043.o
    0x2000002a   0x08001e16   0x00000006   Data   RW          206    .data               keyboard.o
    0x20000030   0x08001e1c   0x00000027   Data   RW          285    .data               turnstile.o
    0x20000057   0x08001e43   0x00000001   PAD
    0x20000058   0x08001e44   0x0000000a   Data   RW          419    .data               periphery.o
    0x20000062   0x08001e4e   0x00000001   Data   RW          466    .data               _usart.o
    0x20000063   0x08001e4f   0x00000001   PAD
    0x20000064   0x08001e50   0x00000018   Data   RW          516    .data               command_processor.o
    0x2000007c   0x08001e68   0x0000001a   Data   RW          554    .data               reader.o
    0x20000096   0x08001e82   0x00000012   Data   RW          595    .data               motor.o
    0x200000a8   0x08001e94   0x00000014   Data   RW          927    .data               stm32f10x_rcc.o


    Execution Region ER_ZI (Exec base: 0x200000bc, Load base: 0x08001ea8, Size: 0x000006e4, Max: 0xffffffff, ABSOLUTE)

    Exec Addr    Load Addr    Size         Type   Attr      Idx    E Section Name        Object

    0x200000bc        -       0x0000002a   Zero   RW            5    .bss                main.o
    0x200000e6        -       0x0000000a   Zero   RW          241    .bss                messages.o
    0x200000f0        -       0x0000004c   Zero   RW          465    .bss                _usart.o
    0x2000013c        -       0x00000060   Zero   RW         1995    .bss                c_w.l(libspace.o)
    0x2000019c   0x08001ea8   0x00000004   PAD
    0x200001a0        -       0x00000200   Zero   RW         1910    HEAP                startup_stm32f10x_md_vl.o
    0x200003a0        -       0x00000400   Zero   RW         1909    STACK               startup_stm32f10x_md_vl.o


==============================================================================

Image component sizes


      Code (inc. data)   RO Data    RW Data    ZI Data      Debug   Object Name

       144         20          0         12          0      27025   _timers.o
       308         50          0          1         76       3108   _usart.o
       298         16          0          2          0       1932   as5043.o
       152         24          0         24          0       3707   command_processor.o
       208         22          0          0          0       1913   flash.o
       244         32          0          6          0       1156   keyboard.o
       560         50          0         28         42     260390   main.o
       108         20          0          0         10       2171   messages.o
       982         64          0         18          0       6351   motor.o
       316         56          0         10          0       2148   periphery.o
        14          6          0         26          0       1133   reader.o
        64         26        288          0       1536        792   startup_stm32f10x_md_vl.o
       334          0          0          0          0       5173   stm32f10x_gpio.o
       276         34          0         20          0       4834   stm32f10x_rcc.o
       264         42          0          0          0       4511   stm32f10x_tim.o
       442          6          0          0          0       6613   stm32f10x_usart.o
       292         24          0          0          0       1981   system_stm32f10x.o
      2042        102          0         39          0      10157   turnstile.o

    ----------------------------------------------------------------------
      7060        594        320        188       1664     345095   Object Totals
         0          0         32          0          0          0   (incl. Generated)
        12          0          0          2          0          0   (incl. Padding)

    ----------------------------------------------------------------------

      Code (inc. data)   RO Data    RW Data    ZI Data      Debug   Library Member Name

         8          0          0          0          0         68   __main.o
         0          0          0          0          0          0   __rtentry.o
        12          0          0          0          0          0   __rtentry2.o
         6          0          0          0          0          0   __rtentry4.o
        52          8          0          0          0          0   __scatter.o
        26          0          0          0          0          0   __scatter_copy.o
        28          0          0          0          0          0   __scatter_zi.o
        18          0          0          0          0         80   exit.o
         6          0          0          0          0        152   heapauxi.o
         0          0          0          0          0          0   indicate_semi.o
         2          0          0          0          0          0   libinit.o
         2          0          0          0          0          0   libinit2.o
         2          0          0          0          0          0   libshutdown.o
         2          0          0          0          0          0   libshutdown2.o
         8          4          0          0         96         68   libspace.o
         2          0          0          0          0          0   rtexit.o
        10          0          0          0          0          0   rtexit2.o
        12          4          0          0          0         68   sys_exit.o
        74          0          0          0          0         80   sys_stackheap_outer.o
         2          0          0          0          0         68   use_no_semi.o

    ----------------------------------------------------------------------
       280         16          0          0        100        584   Library Totals
         8          0          0          0          4          0   (incl. Padding)

    ----------------------------------------------------------------------

      Code (inc. data)   RO Data    RW Data    ZI Data      Debug   Library Name

       272         16          0          0         96        584   c_w.l

    ----------------------------------------------------------------------
       280         16          0          0        100        584   Library Totals

    ----------------------------------------------------------------------

==============================================================================


      Code (inc. data)   RO Data    RW Data    ZI Data      Debug   

      7340        610        320        188       1764     342139   Grand Totals
      7340        610        320        188       1764     342139   ELF Image Totals
      7340        610        320        188          0          0   ROM Totals

==============================================================================

    Total RO  Size (Code + RO Data)                 7660 (   7.48kB)
    Total RW  Size (RW Data + ZI Data)              1952 (   1.91kB)
    Total ROM Size (Code + RO Data + RW Data)       7848 (   7.66kB)

==============================================================================

